Archive member included to satisfy reference by file (symbol)

c:/program files (x86)/atmel/studio/7.0/toolchain/avr8/avr8-gnu-toolchain/bin/../lib/gcc/avr/5.4.0/../../../../avr/lib/avr5\libm.a(addsf3.o)
                              HAL/SERVO/SERVO_program.o (__addsf3)
c:/program files (x86)/atmel/studio/7.0/toolchain/avr8/avr8-gnu-toolchain/bin/../lib/gcc/avr/5.4.0/../../../../avr/lib/avr5\libm.a(addsf3x.o)
                              c:/program files (x86)/atmel/studio/7.0/toolchain/avr8/avr8-gnu-toolchain/bin/../lib/gcc/avr/5.4.0/../../../../avr/lib/avr5\libm.a(addsf3.o) (__addsf3x)
c:/program files (x86)/atmel/studio/7.0/toolchain/avr8/avr8-gnu-toolchain/bin/../lib/gcc/avr/5.4.0/../../../../avr/lib/avr5\libm.a(divsf3.o)
                              HAL/SERVO/SERVO_program.o (__divsf3)
c:/program files (x86)/atmel/studio/7.0/toolchain/avr8/avr8-gnu-toolchain/bin/../lib/gcc/avr/5.4.0/../../../../avr/lib/avr5\libm.a(divsf3x.o)
                              c:/program files (x86)/atmel/studio/7.0/toolchain/avr8/avr8-gnu-toolchain/bin/../lib/gcc/avr/5.4.0/../../../../avr/lib/avr5\libm.a(divsf3.o) (__divsf3x)
c:/program files (x86)/atmel/studio/7.0/toolchain/avr8/avr8-gnu-toolchain/bin/../lib/gcc/avr/5.4.0/../../../../avr/lib/avr5\libm.a(fixunssfsi.o)
                              HAL/SERVO/SERVO_program.o (__fixunssfsi)
c:/program files (x86)/atmel/studio/7.0/toolchain/avr8/avr8-gnu-toolchain/bin/../lib/gcc/avr/5.4.0/../../../../avr/lib/avr5\libm.a(floatsisf.o)
                              HAL/SERVO/SERVO_program.o (__floatsisf)
c:/program files (x86)/atmel/studio/7.0/toolchain/avr8/avr8-gnu-toolchain/bin/../lib/gcc/avr/5.4.0/../../../../avr/lib/avr5\libm.a(fp_inf.o)
                              c:/program files (x86)/atmel/studio/7.0/toolchain/avr8/avr8-gnu-toolchain/bin/../lib/gcc/avr/5.4.0/../../../../avr/lib/avr5\libm.a(addsf3x.o) (__fp_inf)
c:/program files (x86)/atmel/studio/7.0/toolchain/avr8/avr8-gnu-toolchain/bin/../lib/gcc/avr/5.4.0/../../../../avr/lib/avr5\libm.a(fp_nan.o)
                              c:/program files (x86)/atmel/studio/7.0/toolchain/avr8/avr8-gnu-toolchain/bin/../lib/gcc/avr/5.4.0/../../../../avr/lib/avr5\libm.a(addsf3x.o) (__fp_nan)
c:/program files (x86)/atmel/studio/7.0/toolchain/avr8/avr8-gnu-toolchain/bin/../lib/gcc/avr/5.4.0/../../../../avr/lib/avr5\libm.a(fp_pscA.o)
                              c:/program files (x86)/atmel/studio/7.0/toolchain/avr8/avr8-gnu-toolchain/bin/../lib/gcc/avr/5.4.0/../../../../avr/lib/avr5\libm.a(addsf3x.o) (__fp_pscA)
c:/program files (x86)/atmel/studio/7.0/toolchain/avr8/avr8-gnu-toolchain/bin/../lib/gcc/avr/5.4.0/../../../../avr/lib/avr5\libm.a(fp_pscB.o)
                              c:/program files (x86)/atmel/studio/7.0/toolchain/avr8/avr8-gnu-toolchain/bin/../lib/gcc/avr/5.4.0/../../../../avr/lib/avr5\libm.a(addsf3x.o) (__fp_pscB)
c:/program files (x86)/atmel/studio/7.0/toolchain/avr8/avr8-gnu-toolchain/bin/../lib/gcc/avr/5.4.0/../../../../avr/lib/avr5\libm.a(fp_round.o)
                              c:/program files (x86)/atmel/studio/7.0/toolchain/avr8/avr8-gnu-toolchain/bin/../lib/gcc/avr/5.4.0/../../../../avr/lib/avr5\libm.a(addsf3.o) (__fp_round)
c:/program files (x86)/atmel/studio/7.0/toolchain/avr8/avr8-gnu-toolchain/bin/../lib/gcc/avr/5.4.0/../../../../avr/lib/avr5\libm.a(fp_split3.o)
                              c:/program files (x86)/atmel/studio/7.0/toolchain/avr8/avr8-gnu-toolchain/bin/../lib/gcc/avr/5.4.0/../../../../avr/lib/avr5\libm.a(addsf3x.o) (__fp_split3)
c:/program files (x86)/atmel/studio/7.0/toolchain/avr8/avr8-gnu-toolchain/bin/../lib/gcc/avr/5.4.0/../../../../avr/lib/avr5\libm.a(fp_zero.o)
                              c:/program files (x86)/atmel/studio/7.0/toolchain/avr8/avr8-gnu-toolchain/bin/../lib/gcc/avr/5.4.0/../../../../avr/lib/avr5\libm.a(addsf3x.o) (__fp_zero)
c:/program files (x86)/atmel/studio/7.0/toolchain/avr8/avr8-gnu-toolchain/bin/../lib/gcc/avr/5.4.0/../../../../avr/lib/avr5\libm.a(mulsf3.o)
                              HAL/SERVO/SERVO_program.o (__mulsf3)
c:/program files (x86)/atmel/studio/7.0/toolchain/avr8/avr8-gnu-toolchain/bin/../lib/gcc/avr/5.4.0/../../../../avr/lib/avr5\libm.a(mulsf3x.o)
                              c:/program files (x86)/atmel/studio/7.0/toolchain/avr8/avr8-gnu-toolchain/bin/../lib/gcc/avr/5.4.0/../../../../avr/lib/avr5\libm.a(mulsf3.o) (__mulsf3x)
c:/program files (x86)/atmel/studio/7.0/toolchain/avr8/avr8-gnu-toolchain/bin/../lib/gcc/avr/5.4.0/avr5\libgcc.a(_mulsi3.o)
                              LIB/num_str_conv.o (__mulsi3)
c:/program files (x86)/atmel/studio/7.0/toolchain/avr8/avr8-gnu-toolchain/bin/../lib/gcc/avr/5.4.0/avr5\libgcc.a(_udivmodhi4.o)
                              Service/FREE_RTOS/queue.o (__udivmodhi4)
c:/program files (x86)/atmel/studio/7.0/toolchain/avr8/avr8-gnu-toolchain/bin/../lib/gcc/avr/5.4.0/avr5\libgcc.a(_udivmodsi4.o)
                              LIB/num_str_conv.o (__udivmodsi4)
c:/program files (x86)/atmel/studio/7.0/toolchain/avr8/avr8-gnu-toolchain/bin/../lib/gcc/avr/5.4.0/avr5\libgcc.a(_exit.o)
                              C:/Program Files (x86)/Atmel/Studio/7.0/Packs/atmel/ATmega_DFP/1.7.374/gcc/dev/atmega32/avr5/crtatmega32.o (exit)
c:/program files (x86)/atmel/studio/7.0/toolchain/avr8/avr8-gnu-toolchain/bin/../lib/gcc/avr/5.4.0/avr5\libgcc.a(_tablejump2.o)
                              MCAL/DIO/DIO_program.o (__tablejump2__)
c:/program files (x86)/atmel/studio/7.0/toolchain/avr8/avr8-gnu-toolchain/bin/../lib/gcc/avr/5.4.0/avr5\libgcc.a(_copy_data.o)
                              HAL/KPD/KPD_program.o (__do_copy_data)
c:/program files (x86)/atmel/studio/7.0/toolchain/avr8/avr8-gnu-toolchain/bin/../lib/gcc/avr/5.4.0/avr5\libgcc.a(_clear_bss.o)
                              MCAL/ADC/ADC_program.o (__do_clear_bss)
c:/program files (x86)/atmel/studio/7.0/toolchain/avr8/avr8-gnu-toolchain/bin/../lib/gcc/avr/5.4.0/avr5\libgcc.a(_muluhisi3.o)
                              c:/program files (x86)/atmel/studio/7.0/toolchain/avr8/avr8-gnu-toolchain/bin/../lib/gcc/avr/5.4.0/avr5\libgcc.a(_mulsi3.o) (__muluhisi3)
c:/program files (x86)/atmel/studio/7.0/toolchain/avr8/avr8-gnu-toolchain/bin/../lib/gcc/avr/5.4.0/avr5\libgcc.a(_umulhisi3.o)
                              c:/program files (x86)/atmel/studio/7.0/toolchain/avr8/avr8-gnu-toolchain/bin/../lib/gcc/avr/5.4.0/avr5\libgcc.a(_muluhisi3.o) (__umulhisi3)
c:/program files (x86)/atmel/studio/7.0/toolchain/avr8/avr8-gnu-toolchain/bin/../lib/gcc/avr/5.4.0/../../../../avr/lib/avr5\libc.a(memcpy.o)
                              Service/FREE_RTOS/queue.o (memcpy)

Allocating common symbols
Common symbol       size              file

RTO_AstrTasks       0x12              Service/RTO/RTO_program.o

Discarded input sections

 .data          0x00000000        0x0 C:/Program Files (x86)/Atmel/Studio/7.0/Packs/atmel/ATmega_DFP/1.7.374/gcc/dev/atmega32/avr5/crtatmega32.o
 .bss           0x00000000        0x0 C:/Program Files (x86)/Atmel/Studio/7.0/Packs/atmel/ATmega_DFP/1.7.374/gcc/dev/atmega32/avr5/crtatmega32.o
 .text          0x00000000        0x0 HAL/DCM/DCM_program.o
 .data          0x00000000        0x0 HAL/DCM/DCM_program.o
 .bss           0x00000000        0x0 HAL/DCM/DCM_program.o
 .text          0x00000000        0x0 HAL/KPD/KPD_program.o
 .data          0x00000000        0x0 HAL/KPD/KPD_program.o
 .bss           0x00000000        0x0 HAL/KPD/KPD_program.o
 .text          0x00000000        0x0 HAL/LCD/LCD_program.o
 .data          0x00000000        0x0 HAL/LCD/LCD_program.o
 .bss           0x00000000        0x0 HAL/LCD/LCD_program.o
 .text.LCD_u8SendString
                0x00000000       0x30 HAL/LCD/LCD_program.o
 .text.LCD_voidSendNum
                0x00000000       0x6a HAL/LCD/LCD_program.o
 .text          0x00000000        0x0 HAL/SERVO/SERVO_program.o
 .data          0x00000000        0x0 HAL/SERVO/SERVO_program.o
 .bss           0x00000000        0x0 HAL/SERVO/SERVO_program.o
 .text          0x00000000        0x0 LIB/num_str_conv.o
 .data          0x00000000        0x0 LIB/num_str_conv.o
 .bss           0x00000000        0x0 LIB/num_str_conv.o
 .text.power    0x00000000       0x5e LIB/num_str_conv.o
 .text.numberPositiveToString
                0x00000000      0x13a LIB/num_str_conv.o
 .debug_info    0x00000000      0x1cf LIB/num_str_conv.o
 .debug_abbrev  0x00000000       0xdf LIB/num_str_conv.o
 .debug_loc     0x00000000      0x35f LIB/num_str_conv.o
 .debug_aranges
                0x00000000       0x28 LIB/num_str_conv.o
 .debug_ranges  0x00000000       0x18 LIB/num_str_conv.o
 .debug_line    0x00000000      0x108 LIB/num_str_conv.o
 .debug_str     0x00000000      0x213 LIB/num_str_conv.o
 .comment       0x00000000       0x31 LIB/num_str_conv.o
 .debug_frame   0x00000000       0xbc LIB/num_str_conv.o
 .text          0x00000000        0x0 main.o
 .data          0x00000000        0x0 main.o
 .bss           0x00000000        0x0 main.o
 .text.PrintToUser
                0x00000000       0x1a main.o
 .text.getInputFromUser
                0x00000000       0x98 main.o
 .text          0x00000000        0x0 MCAL/ADC/ADC_program.o
 .data          0x00000000        0x0 MCAL/ADC/ADC_program.o
 .bss           0x00000000        0x0 MCAL/ADC/ADC_program.o
 .text.ADC_voidInit
                0x00000000       0x3a MCAL/ADC/ADC_program.o
 .text.ADC_u8GetDigitalValueSynchBlocking
                0x00000000       0x68 MCAL/ADC/ADC_program.o
 .text.ADC_u8GetDigitalValueAsynch
                0x00000000       0x48 MCAL/ADC/ADC_program.o
 .text          0x00000000        0x0 MCAL/DIO/DIO_program.o
 .data          0x00000000        0x0 MCAL/DIO/DIO_program.o
 .bss           0x00000000        0x0 MCAL/DIO/DIO_program.o
 .text.DIO_u8SetPinDirection
                0x00000000      0x4d0 MCAL/DIO/DIO_program.o
 .progmem.gcc_sw_table.DIO_u8SetPinDirection
                0x00000000       0x40 MCAL/DIO/DIO_program.o
 .text          0x00000000        0x0 MCAL/EXTI/EXTI_program.o
 .data          0x00000000        0x0 MCAL/EXTI/EXTI_program.o
 .bss           0x00000000        0x0 MCAL/EXTI/EXTI_program.o
 .text.EXTI_u8Enable
                0x00000000      0x118 MCAL/EXTI/EXTI_program.o
 .text.EXTI_u8Disable
                0x00000000       0x2e MCAL/EXTI/EXTI_program.o
 .text.EXTI_u8SetCallBack
                0x00000000       0x1c MCAL/EXTI/EXTI_program.o
 .text          0x00000000        0x0 MCAL/GI/GI_program.o
 .data          0x00000000        0x0 MCAL/GI/GI_program.o
 .bss           0x00000000        0x0 MCAL/GI/GI_program.o
 .text.GI_voidDisable
                0x00000000        0x8 MCAL/GI/GI_program.o
 .text          0x00000000        0x0 MCAL/SPI/SPI_program.o
 .data          0x00000000        0x0 MCAL/SPI/SPI_program.o
 .bss           0x00000000        0x0 MCAL/SPI/SPI_program.o
 .text.SPI_voidInit
                0x00000000       0x2c MCAL/SPI/SPI_program.o
 .text.SPI_u8TransRecieve
                0x00000000       0x1a MCAL/SPI/SPI_program.o
 .text.SPI_voidSlaveSendByte
                0x00000000        0x4 MCAL/SPI/SPI_program.o
 .text.SPI_u8RecByte
                0x00000000       0x16 MCAL/SPI/SPI_program.o
 .debug_info    0x00000000      0x138 MCAL/SPI/SPI_program.o
 .debug_abbrev  0x00000000       0xcc MCAL/SPI/SPI_program.o
 .debug_loc     0x00000000       0xca MCAL/SPI/SPI_program.o
 .debug_aranges
                0x00000000       0x38 MCAL/SPI/SPI_program.o
 .debug_ranges  0x00000000       0x28 MCAL/SPI/SPI_program.o
 .debug_line    0x00000000      0x123 MCAL/SPI/SPI_program.o
 .debug_str     0x00000000      0x215 MCAL/SPI/SPI_program.o
 .comment       0x00000000       0x31 MCAL/SPI/SPI_program.o
 .debug_frame   0x00000000       0x54 MCAL/SPI/SPI_program.o
 .text          0x00000000        0x0 MCAL/TIMERS/TIMERS_program.o
 .data          0x00000000        0x0 MCAL/TIMERS/TIMERS_program.o
 .bss           0x00000000        0x0 MCAL/TIMERS/TIMERS_program.o
 .text.TIMERS_voidTimer0Init
                0x00000000       0x36 MCAL/TIMERS/TIMERS_program.o
 .text.TIMERS_u8Timer0SetCallBack
                0x00000000       0x14 MCAL/TIMERS/TIMERS_program.o
 .text.TIMERS_voidTimer0SetCompareMatchValue
                0x00000000        0x4 MCAL/TIMERS/TIMERS_program.o
 .text.TIMERS_voidTimer1SetCompareMatchValueA
                0x00000000        0x6 MCAL/TIMERS/TIMERS_program.o
 .text          0x00000000        0x0 MCAL/TWI/TWI_program.o
 .data          0x00000000        0x0 MCAL/TWI/TWI_program.o
 .bss           0x00000000        0x0 MCAL/TWI/TWI_program.o
 .text.TWI_voidMasterInit
                0x00000000       0x1e MCAL/TWI/TWI_program.o
 .text.TWI_u8SlaveInit
                0x00000000       0x14 MCAL/TWI/TWI_program.o
 .text.TWI_u8SendStartCondition
                0x00000000       0x28 MCAL/TWI/TWI_program.o
 .text.TWI_u8SendRestartCondition
                0x00000000        0x4 MCAL/TWI/TWI_program.o
 .text.TWI_u8SendStopCondition
                0x00000000        0x4 MCAL/TWI/TWI_program.o
 .text.TWI_u8SendSlaveAddressWithWrite
                0x00000000        0x4 MCAL/TWI/TWI_program.o
 .text.TWI_u8sendSlaveAddWithRead
                0x00000000        0x4 MCAL/TWI/TWI_program.o
 .text.TWI_u8SendDataByte
                0x00000000        0x4 MCAL/TWI/TWI_program.o
 .text.TWI_u8ReadDataByte
                0x00000000        0x4 MCAL/TWI/TWI_program.o
 .debug_info    0x00000000      0x206 MCAL/TWI/TWI_program.o
 .debug_abbrev  0x00000000       0xd7 MCAL/TWI/TWI_program.o
 .debug_loc     0x00000000       0xc9 MCAL/TWI/TWI_program.o
 .debug_aranges
                0x00000000       0x60 MCAL/TWI/TWI_program.o
 .debug_ranges  0x00000000       0x50 MCAL/TWI/TWI_program.o
 .debug_line    0x00000000      0x192 MCAL/TWI/TWI_program.o
 .debug_str     0x00000000      0x2d1 MCAL/TWI/TWI_program.o
 .comment       0x00000000       0x31 MCAL/TWI/TWI_program.o
 .debug_frame   0x00000000       0xa4 MCAL/TWI/TWI_program.o
 .text          0x00000000        0x0 MCAL/UART/UART_program.o
 .data          0x00000000        0x0 MCAL/UART/UART_program.o
 .bss           0x00000000        0x0 MCAL/UART/UART_program.o
 .text.UART_voidInit
                0x00000000       0x2a MCAL/UART/UART_program.o
 .text.UART_voidSendByte
                0x00000000        0x8 MCAL/UART/UART_program.o
 .text.UART_u8RecieveByte
                0x00000000       0x16 MCAL/UART/UART_program.o
 .text.UART_u8SendStringSynch
                0x00000000       0x12 MCAL/UART/UART_program.o
 .text.UART_u8RecieveStringSynch
                0x00000000       0x20 MCAL/UART/UART_program.o
 .text.UART_u8RecieveStringAsync
                0x00000000        0x4 MCAL/UART/UART_program.o
 .debug_info    0x00000000      0x1f9 MCAL/UART/UART_program.o
 .debug_abbrev  0x00000000       0xcf MCAL/UART/UART_program.o
 .debug_loc     0x00000000      0x142 MCAL/UART/UART_program.o
 .debug_aranges
                0x00000000       0x48 MCAL/UART/UART_program.o
 .debug_ranges  0x00000000       0x38 MCAL/UART/UART_program.o
 .debug_line    0x00000000      0x168 MCAL/UART/UART_program.o
 .debug_str     0x00000000      0x293 MCAL/UART/UART_program.o
 .comment       0x00000000       0x31 MCAL/UART/UART_program.o
 .debug_frame   0x00000000       0x74 MCAL/UART/UART_program.o
 .text          0x00000000        0x0 MCAL/WDT/WDT_program.o
 .data          0x00000000        0x0 MCAL/WDT/WDT_program.o
 .bss           0x00000000        0x0 MCAL/WDT/WDT_program.o
 .text.WDT_voidEnable
                0x00000000        0x6 MCAL/WDT/WDT_program.o
 .text.WDT_voidDisable
                0x00000000        0x8 MCAL/WDT/WDT_program.o
 .debug_info    0x00000000       0x98 MCAL/WDT/WDT_program.o
 .debug_abbrev  0x00000000       0x46 MCAL/WDT/WDT_program.o
 .debug_aranges
                0x00000000       0x28 MCAL/WDT/WDT_program.o
 .debug_ranges  0x00000000       0x18 MCAL/WDT/WDT_program.o
 .debug_line    0x00000000       0x8e MCAL/WDT/WDT_program.o
 .debug_str     0x00000000      0x190 MCAL/WDT/WDT_program.o
 .comment       0x00000000       0x31 MCAL/WDT/WDT_program.o
 .debug_frame   0x00000000       0x34 MCAL/WDT/WDT_program.o
 .text          0x00000000        0x0 Service/FREE_RTOS/croutine.o
 .data          0x00000000        0x0 Service/FREE_RTOS/croutine.o
 .bss           0x00000000        0x0 Service/FREE_RTOS/croutine.o
 .debug_info    0x00000000       0x64 Service/FREE_RTOS/croutine.o
 .debug_abbrev  0x00000000       0x26 Service/FREE_RTOS/croutine.o
 .debug_aranges
                0x00000000       0x18 Service/FREE_RTOS/croutine.o
 .debug_line    0x00000000       0x1a Service/FREE_RTOS/croutine.o
 .debug_str     0x00000000      0x18d Service/FREE_RTOS/croutine.o
 .comment       0x00000000       0x31 Service/FREE_RTOS/croutine.o
 .text          0x00000000        0x0 Service/FREE_RTOS/heap_1.o
 .data          0x00000000        0x0 Service/FREE_RTOS/heap_1.o
 .bss           0x00000000        0x0 Service/FREE_RTOS/heap_1.o
 .text.pvPortMalloc
                0x00000000       0x74 Service/FREE_RTOS/heap_1.o
 .text.vPortFree
                0x00000000        0x2 Service/FREE_RTOS/heap_1.o
 .text.vPortInitialiseBlocks
                0x00000000        0xa Service/FREE_RTOS/heap_1.o
 .text.xPortGetFreeHeapSize
                0x00000000       0x12 Service/FREE_RTOS/heap_1.o
 .bss.pucAlignedHeap.2111
                0x00000000        0x2 Service/FREE_RTOS/heap_1.o
 .bss.xNextFreeByte
                0x00000000        0x2 Service/FREE_RTOS/heap_1.o
 .bss.ucHeap    0x00000000      0x3e8 Service/FREE_RTOS/heap_1.o
 .debug_info    0x00000000      0x1a4 Service/FREE_RTOS/heap_1.o
 .debug_abbrev  0x00000000      0x11c Service/FREE_RTOS/heap_1.o
 .debug_loc     0x00000000      0x10f Service/FREE_RTOS/heap_1.o
 .debug_aranges
                0x00000000       0x38 Service/FREE_RTOS/heap_1.o
 .debug_ranges  0x00000000       0x28 Service/FREE_RTOS/heap_1.o
 .debug_line    0x00000000      0x1bd Service/FREE_RTOS/heap_1.o
 .debug_str     0x00000000      0x23d Service/FREE_RTOS/heap_1.o
 .comment       0x00000000       0x31 Service/FREE_RTOS/heap_1.o
 .debug_frame   0x00000000       0x60 Service/FREE_RTOS/heap_1.o
 .text          0x00000000        0x0 Service/FREE_RTOS/list.o
 .data          0x00000000        0x0 Service/FREE_RTOS/list.o
 .bss           0x00000000        0x0 Service/FREE_RTOS/list.o
 .text.vListInitialise
                0x00000000       0x1c Service/FREE_RTOS/list.o
 .text.vListInitialiseItem
                0x00000000        0x8 Service/FREE_RTOS/list.o
 .text.vListInsertEnd
                0x00000000       0x42 Service/FREE_RTOS/list.o
 .text.vListInsert
                0x00000000       0x62 Service/FREE_RTOS/list.o
 .text.uxListRemove
                0x00000000       0x4e Service/FREE_RTOS/list.o
 .debug_info    0x00000000      0x2d8 Service/FREE_RTOS/list.o
 .debug_abbrev  0x00000000       0xff Service/FREE_RTOS/list.o
 .debug_loc     0x00000000      0x145 Service/FREE_RTOS/list.o
 .debug_aranges
                0x00000000       0x40 Service/FREE_RTOS/list.o
 .debug_ranges  0x00000000       0x30 Service/FREE_RTOS/list.o
 .debug_line    0x00000000      0x1e0 Service/FREE_RTOS/list.o
 .debug_str     0x00000000      0x2cc Service/FREE_RTOS/list.o
 .comment       0x00000000       0x31 Service/FREE_RTOS/list.o
 .debug_frame   0x00000000       0x88 Service/FREE_RTOS/list.o
 .text          0x00000000        0x0 Service/FREE_RTOS/port.o
 .data          0x00000000        0x0 Service/FREE_RTOS/port.o
 .bss           0x00000000        0x0 Service/FREE_RTOS/port.o
 .text.prvSetupTimerInterrupt
                0x00000000       0x12 Service/FREE_RTOS/port.o
 .text.pxPortInitialiseStack
                0x00000000       0xd8 Service/FREE_RTOS/port.o
 .text.xPortStartScheduler
                0x00000000       0x5e Service/FREE_RTOS/port.o
 .text.vPortEndScheduler
                0x00000000        0x2 Service/FREE_RTOS/port.o
 .text.vPortYield
                0x00000000       0xb2 Service/FREE_RTOS/port.o
 .text          0x00000000        0x0 Service/FREE_RTOS/queue.o
 .data          0x00000000        0x0 Service/FREE_RTOS/queue.o
 .bss           0x00000000        0x0 Service/FREE_RTOS/queue.o
 .text.prvIsQueueEmpty
                0x00000000       0x1a Service/FREE_RTOS/queue.o
 .text.prvIsQueueFull
                0x00000000       0x1c Service/FREE_RTOS/queue.o
 .text.prvCopyDataToQueue
                0x00000000       0x92 Service/FREE_RTOS/queue.o
 .text.prvCopyDataFromQueue
                0x00000000       0x34 Service/FREE_RTOS/queue.o
 .text.prvUnlockQueue
                0x00000000       0x68 Service/FREE_RTOS/queue.o
 .text.xQueueGenericReset
                0x00000000       0xc0 Service/FREE_RTOS/queue.o
 .text.prvInitialiseNewQueue
                0x00000000       0x26 Service/FREE_RTOS/queue.o
 .text.xQueueGenericCreate
                0x00000000       0x82 Service/FREE_RTOS/queue.o
 .text.xQueueGenericSend
                0x00000000      0x124 Service/FREE_RTOS/queue.o
 .text.xQueueGenericSendFromISR
                0x00000000       0x84 Service/FREE_RTOS/queue.o
 .text.xQueueGiveFromISR
                0x00000000       0x70 Service/FREE_RTOS/queue.o
 .text.xQueueReceive
                0x00000000      0x11e Service/FREE_RTOS/queue.o
 .text.xQueueSemaphoreTake
                0x00000000      0x106 Service/FREE_RTOS/queue.o
 .text.xQueuePeek
                0x00000000      0x122 Service/FREE_RTOS/queue.o
 .text.xQueueReceiveFromISR
                0x00000000       0x7a Service/FREE_RTOS/queue.o
 .text.xQueuePeekFromISR
                0x00000000       0x2e Service/FREE_RTOS/queue.o
 .text.uxQueueMessagesWaiting
                0x00000000       0x10 Service/FREE_RTOS/queue.o
 .text.uxQueueSpacesAvailable
                0x00000000       0x16 Service/FREE_RTOS/queue.o
 .text.uxQueueMessagesWaitingFromISR
                0x00000000        0x6 Service/FREE_RTOS/queue.o
 .text.vQueueDelete
                0x00000000        0x6 Service/FREE_RTOS/queue.o
 .text.xQueueIsQueueEmptyFromISR
                0x00000000       0x10 Service/FREE_RTOS/queue.o
 .text.xQueueIsQueueFullFromISR
                0x00000000       0x12 Service/FREE_RTOS/queue.o
 .debug_info    0x00000000     0x14f8 Service/FREE_RTOS/queue.o
 .debug_abbrev  0x00000000      0x227 Service/FREE_RTOS/queue.o
 .debug_loc     0x00000000     0x18dd Service/FREE_RTOS/queue.o
 .debug_aranges
                0x00000000       0xc8 Service/FREE_RTOS/queue.o
 .debug_ranges  0x00000000      0x100 Service/FREE_RTOS/queue.o
 .debug_line    0x00000000      0xab5 Service/FREE_RTOS/queue.o
 .debug_str     0x00000000      0x7b4 Service/FREE_RTOS/queue.o
 .comment       0x00000000       0x31 Service/FREE_RTOS/queue.o
 .debug_frame   0x00000000      0x2fc Service/FREE_RTOS/queue.o
 .text          0x00000000        0x0 Service/FREE_RTOS/tasks.o
 .data          0x00000000        0x0 Service/FREE_RTOS/tasks.o
 .bss           0x00000000        0x0 Service/FREE_RTOS/tasks.o
 .text.prvDeleteTCB
                0x00000000       0x1a Service/FREE_RTOS/tasks.o
 .text.prvInitialiseNewTask
                0x00000000       0xd2 Service/FREE_RTOS/tasks.o
 .text.prvInitialiseTaskLists
                0x00000000       0x66 Service/FREE_RTOS/tasks.o
 .text.prvAddNewTaskToReadyList
                0x00000000       0xfa Service/FREE_RTOS/tasks.o
 .text.prvCheckTasksWaitingTermination
                0x00000000       0x4c Service/FREE_RTOS/tasks.o
 .text.prvIdleTask
                0x00000000       0x12 Service/FREE_RTOS/tasks.o
 .text.prvAddCurrentTaskToDelayedList
                0x00000000       0x88 Service/FREE_RTOS/tasks.o
 .text.xTaskCreate
                0x00000000       0xb2 Service/FREE_RTOS/tasks.o
 .text.vTaskDelete
                0x00000000       0xb0 Service/FREE_RTOS/tasks.o
 .rodata.str1.1
                0x00000000        0x5 Service/FREE_RTOS/tasks.o
 .text.vTaskStartScheduler
                0x00000000       0x58 Service/FREE_RTOS/tasks.o
 .text.vTaskEndScheduler
                0x00000000        0xc Service/FREE_RTOS/tasks.o
 .text.vTaskSuspendAll
                0x00000000        0xc Service/FREE_RTOS/tasks.o
 .text.xTaskGetTickCount
                0x00000000       0x14 Service/FREE_RTOS/tasks.o
 .text.xTaskGetTickCountFromISR
                0x00000000        0xa Service/FREE_RTOS/tasks.o
 .text.uxTaskGetNumberOfTasks
                0x00000000        0x6 Service/FREE_RTOS/tasks.o
 .text.pcTaskGetName
                0x00000000       0x10 Service/FREE_RTOS/tasks.o
 .text.xTaskResumeAll
                0x00000000      0x1aa Service/FREE_RTOS/tasks.o
 .text.xTaskDelayUntil
                0x00000000       0x84 Service/FREE_RTOS/tasks.o
 .text.vTaskDelay
                0x00000000       0x2c Service/FREE_RTOS/tasks.o
 .text.xTaskCatchUpTicks
                0x00000000       0x32 Service/FREE_RTOS/tasks.o
 .text.vTaskPlaceOnEventList
                0x00000000       0x24 Service/FREE_RTOS/tasks.o
 .text.vTaskPlaceOnUnorderedEventList
                0x00000000       0x8c Service/FREE_RTOS/tasks.o
 .text.xTaskRemoveFromEventList
                0x00000000      0x17a Service/FREE_RTOS/tasks.o
 .text.vTaskRemoveFromUnorderedEventList
                0x00000000      0x14c Service/FREE_RTOS/tasks.o
 .text.vTaskSetTimeOutState
                0x00000000       0x20 Service/FREE_RTOS/tasks.o
 .text.vTaskInternalSetTimeOutState
                0x00000000       0x16 Service/FREE_RTOS/tasks.o
 .text.xTaskCheckForTimeOut
                0x00000000       0x64 Service/FREE_RTOS/tasks.o
 .text.vTaskMissedYield
                0x00000000        0x8 Service/FREE_RTOS/tasks.o
 .text.xTaskGetCurrentTaskHandle
                0x00000000        0xa Service/FREE_RTOS/tasks.o
 .text.uxTaskResetEventItemValue
                0x00000000       0x2e Service/FREE_RTOS/tasks.o
 .text.ulTaskGenericNotifyTake
                0x00000000      0x106 Service/FREE_RTOS/tasks.o
 .text.xTaskGenericNotifyWait
                0x00000000      0x142 Service/FREE_RTOS/tasks.o
 .text.xTaskGenericNotify
                0x00000000      0x20a Service/FREE_RTOS/tasks.o
 .text.xTaskGenericNotifyFromISR
                0x00000000      0x260 Service/FREE_RTOS/tasks.o
 .text.vTaskGenericNotifyGiveFromISR
                0x00000000      0x194 Service/FREE_RTOS/tasks.o
 .text.xTaskGenericNotifyStateClear
                0x00000000       0x34 Service/FREE_RTOS/tasks.o
 .text.ulTaskGenericNotifyValueClear
                0x00000000       0x6c Service/FREE_RTOS/tasks.o
 .data.uxTopUsedPriority
                0x00000000        0x1 Service/FREE_RTOS/tasks.o
 .bss.xIdleTaskHandle
                0x00000000        0x2 Service/FREE_RTOS/tasks.o
 .bss.uxTaskNumber
                0x00000000        0x1 Service/FREE_RTOS/tasks.o
 .bss.xSchedulerRunning
                0x00000000        0x1 Service/FREE_RTOS/tasks.o
 .bss.uxCurrentNumberOfTasks
                0x00000000        0x1 Service/FREE_RTOS/tasks.o
 .bss.uxDeletedTasksWaitingCleanUp
                0x00000000        0x1 Service/FREE_RTOS/tasks.o
 .bss.xTasksWaitingTermination
                0x00000000        0x9 Service/FREE_RTOS/tasks.o
 .bss.xPendingReadyList
                0x00000000        0x9 Service/FREE_RTOS/tasks.o
 .bss.xDelayedTaskList2
                0x00000000        0x9 Service/FREE_RTOS/tasks.o
 .bss.xDelayedTaskList1
                0x00000000        0x9 Service/FREE_RTOS/tasks.o
 .text          0x00000000        0x0 Service/FREE_RTOS/timers.o
 .data          0x00000000        0x0 Service/FREE_RTOS/timers.o
 .bss           0x00000000        0x0 Service/FREE_RTOS/timers.o
 .debug_info    0x00000000       0x64 Service/FREE_RTOS/timers.o
 .debug_abbrev  0x00000000       0x26 Service/FREE_RTOS/timers.o
 .debug_aranges
                0x00000000       0x18 Service/FREE_RTOS/timers.o
 .debug_line    0x00000000       0x1a Service/FREE_RTOS/timers.o
 .debug_str     0x00000000      0x18b Service/FREE_RTOS/timers.o
 .comment       0x00000000       0x31 Service/FREE_RTOS/timers.o
 .text          0x00000000        0x0 Service/RTO/RTO_program.o
 .data          0x00000000        0x0 Service/RTO/RTO_program.o
 .bss           0x00000000        0x0 Service/RTO/RTO_program.o
 .text.RTO_voidScheduler
                0x00000000       0x76 Service/RTO/RTO_program.o
 .text.RTO_voidInit
                0x00000000        0xe Service/RTO/RTO_program.o
 .text.RTO_u8CreateTask
                0x00000000       0x40 Service/RTO/RTO_program.o
 .debug_info    0x00000000      0x1d7 Service/RTO/RTO_program.o
 .debug_abbrev  0x00000000      0x148 Service/RTO/RTO_program.o
 .debug_loc     0x00000000      0x101 Service/RTO/RTO_program.o
 .debug_aranges
                0x00000000       0x30 Service/RTO/RTO_program.o
 .debug_ranges  0x00000000       0x20 Service/RTO/RTO_program.o
 .debug_line    0x00000000      0x15c Service/RTO/RTO_program.o
 .debug_str     0x00000000      0x26c Service/RTO/RTO_program.o
 .comment       0x00000000       0x31 Service/RTO/RTO_program.o
 .debug_frame   0x00000000       0x68 Service/RTO/RTO_program.o
 COMMON         0x00000000       0x12 Service/RTO/RTO_program.o
 .text          0x00000000        0x0 c:/program files (x86)/atmel/studio/7.0/toolchain/avr8/avr8-gnu-toolchain/bin/../lib/gcc/avr/5.4.0/../../../../avr/lib/avr5\libm.a(addsf3.o)
 .data          0x00000000        0x0 c:/program files (x86)/atmel/studio/7.0/toolchain/avr8/avr8-gnu-toolchain/bin/../lib/gcc/avr/5.4.0/../../../../avr/lib/avr5\libm.a(addsf3.o)
 .bss           0x00000000        0x0 c:/program files (x86)/atmel/studio/7.0/toolchain/avr8/avr8-gnu-toolchain/bin/../lib/gcc/avr/5.4.0/../../../../avr/lib/avr5\libm.a(addsf3.o)
 .text          0x00000000        0x0 c:/program files (x86)/atmel/studio/7.0/toolchain/avr8/avr8-gnu-toolchain/bin/../lib/gcc/avr/5.4.0/../../../../avr/lib/avr5\libm.a(addsf3x.o)
 .data          0x00000000        0x0 c:/program files (x86)/atmel/studio/7.0/toolchain/avr8/avr8-gnu-toolchain/bin/../lib/gcc/avr/5.4.0/../../../../avr/lib/avr5\libm.a(addsf3x.o)
 .bss           0x00000000        0x0 c:/program files (x86)/atmel/studio/7.0/toolchain/avr8/avr8-gnu-toolchain/bin/../lib/gcc/avr/5.4.0/../../../../avr/lib/avr5\libm.a(addsf3x.o)
 .text          0x00000000        0x0 c:/program files (x86)/atmel/studio/7.0/toolchain/avr8/avr8-gnu-toolchain/bin/../lib/gcc/avr/5.4.0/../../../../avr/lib/avr5\libm.a(divsf3.o)
 .data          0x00000000        0x0 c:/program files (x86)/atmel/studio/7.0/toolchain/avr8/avr8-gnu-toolchain/bin/../lib/gcc/avr/5.4.0/../../../../avr/lib/avr5\libm.a(divsf3.o)
 .bss           0x00000000        0x0 c:/program files (x86)/atmel/studio/7.0/toolchain/avr8/avr8-gnu-toolchain/bin/../lib/gcc/avr/5.4.0/../../../../avr/lib/avr5\libm.a(divsf3.o)
 .text          0x00000000        0x0 c:/program files (x86)/atmel/studio/7.0/toolchain/avr8/avr8-gnu-toolchain/bin/../lib/gcc/avr/5.4.0/../../../../avr/lib/avr5\libm.a(divsf3x.o)
 .data          0x00000000        0x0 c:/program files (x86)/atmel/studio/7.0/toolchain/avr8/avr8-gnu-toolchain/bin/../lib/gcc/avr/5.4.0/../../../../avr/lib/avr5\libm.a(divsf3x.o)
 .bss           0x00000000        0x0 c:/program files (x86)/atmel/studio/7.0/toolchain/avr8/avr8-gnu-toolchain/bin/../lib/gcc/avr/5.4.0/../../../../avr/lib/avr5\libm.a(divsf3x.o)
 .text          0x00000000        0x0 c:/program files (x86)/atmel/studio/7.0/toolchain/avr8/avr8-gnu-toolchain/bin/../lib/gcc/avr/5.4.0/../../../../avr/lib/avr5\libm.a(fixunssfsi.o)
 .data          0x00000000        0x0 c:/program files (x86)/atmel/studio/7.0/toolchain/avr8/avr8-gnu-toolchain/bin/../lib/gcc/avr/5.4.0/../../../../avr/lib/avr5\libm.a(fixunssfsi.o)
 .bss           0x00000000        0x0 c:/program files (x86)/atmel/studio/7.0/toolchain/avr8/avr8-gnu-toolchain/bin/../lib/gcc/avr/5.4.0/../../../../avr/lib/avr5\libm.a(fixunssfsi.o)
 .text          0x00000000        0x0 c:/program files (x86)/atmel/studio/7.0/toolchain/avr8/avr8-gnu-toolchain/bin/../lib/gcc/avr/5.4.0/../../../../avr/lib/avr5\libm.a(floatsisf.o)
 .data          0x00000000        0x0 c:/program files (x86)/atmel/studio/7.0/toolchain/avr8/avr8-gnu-toolchain/bin/../lib/gcc/avr/5.4.0/../../../../avr/lib/avr5\libm.a(floatsisf.o)
 .bss           0x00000000        0x0 c:/program files (x86)/atmel/studio/7.0/toolchain/avr8/avr8-gnu-toolchain/bin/../lib/gcc/avr/5.4.0/../../../../avr/lib/avr5\libm.a(floatsisf.o)
 .text          0x00000000        0x0 c:/program files (x86)/atmel/studio/7.0/toolchain/avr8/avr8-gnu-toolchain/bin/../lib/gcc/avr/5.4.0/../../../../avr/lib/avr5\libm.a(fp_inf.o)
 .data          0x00000000        0x0 c:/program files (x86)/atmel/studio/7.0/toolchain/avr8/avr8-gnu-toolchain/bin/../lib/gcc/avr/5.4.0/../../../../avr/lib/avr5\libm.a(fp_inf.o)
 .bss           0x00000000        0x0 c:/program files (x86)/atmel/studio/7.0/toolchain/avr8/avr8-gnu-toolchain/bin/../lib/gcc/avr/5.4.0/../../../../avr/lib/avr5\libm.a(fp_inf.o)
 .text          0x00000000        0x0 c:/program files (x86)/atmel/studio/7.0/toolchain/avr8/avr8-gnu-toolchain/bin/../lib/gcc/avr/5.4.0/../../../../avr/lib/avr5\libm.a(fp_nan.o)
 .data          0x00000000        0x0 c:/program files (x86)/atmel/studio/7.0/toolchain/avr8/avr8-gnu-toolchain/bin/../lib/gcc/avr/5.4.0/../../../../avr/lib/avr5\libm.a(fp_nan.o)
 .bss           0x00000000        0x0 c:/program files (x86)/atmel/studio/7.0/toolchain/avr8/avr8-gnu-toolchain/bin/../lib/gcc/avr/5.4.0/../../../../avr/lib/avr5\libm.a(fp_nan.o)
 .text          0x00000000        0x0 c:/program files (x86)/atmel/studio/7.0/toolchain/avr8/avr8-gnu-toolchain/bin/../lib/gcc/avr/5.4.0/../../../../avr/lib/avr5\libm.a(fp_pscA.o)
 .data          0x00000000        0x0 c:/program files (x86)/atmel/studio/7.0/toolchain/avr8/avr8-gnu-toolchain/bin/../lib/gcc/avr/5.4.0/../../../../avr/lib/avr5\libm.a(fp_pscA.o)
 .bss           0x00000000        0x0 c:/program files (x86)/atmel/studio/7.0/toolchain/avr8/avr8-gnu-toolchain/bin/../lib/gcc/avr/5.4.0/../../../../avr/lib/avr5\libm.a(fp_pscA.o)
 .text          0x00000000        0x0 c:/program files (x86)/atmel/studio/7.0/toolchain/avr8/avr8-gnu-toolchain/bin/../lib/gcc/avr/5.4.0/../../../../avr/lib/avr5\libm.a(fp_pscB.o)
 .data          0x00000000        0x0 c:/program files (x86)/atmel/studio/7.0/toolchain/avr8/avr8-gnu-toolchain/bin/../lib/gcc/avr/5.4.0/../../../../avr/lib/avr5\libm.a(fp_pscB.o)
 .bss           0x00000000        0x0 c:/program files (x86)/atmel/studio/7.0/toolchain/avr8/avr8-gnu-toolchain/bin/../lib/gcc/avr/5.4.0/../../../../avr/lib/avr5\libm.a(fp_pscB.o)
 .text          0x00000000        0x0 c:/program files (x86)/atmel/studio/7.0/toolchain/avr8/avr8-gnu-toolchain/bin/../lib/gcc/avr/5.4.0/../../../../avr/lib/avr5\libm.a(fp_round.o)
 .data          0x00000000        0x0 c:/program files (x86)/atmel/studio/7.0/toolchain/avr8/avr8-gnu-toolchain/bin/../lib/gcc/avr/5.4.0/../../../../avr/lib/avr5\libm.a(fp_round.o)
 .bss           0x00000000        0x0 c:/program files (x86)/atmel/studio/7.0/toolchain/avr8/avr8-gnu-toolchain/bin/../lib/gcc/avr/5.4.0/../../../../avr/lib/avr5\libm.a(fp_round.o)
 .text          0x00000000        0x0 c:/program files (x86)/atmel/studio/7.0/toolchain/avr8/avr8-gnu-toolchain/bin/../lib/gcc/avr/5.4.0/../../../../avr/lib/avr5\libm.a(fp_split3.o)
 .data          0x00000000        0x0 c:/program files (x86)/atmel/studio/7.0/toolchain/avr8/avr8-gnu-toolchain/bin/../lib/gcc/avr/5.4.0/../../../../avr/lib/avr5\libm.a(fp_split3.o)
 .bss           0x00000000        0x0 c:/program files (x86)/atmel/studio/7.0/toolchain/avr8/avr8-gnu-toolchain/bin/../lib/gcc/avr/5.4.0/../../../../avr/lib/avr5\libm.a(fp_split3.o)
 .text          0x00000000        0x0 c:/program files (x86)/atmel/studio/7.0/toolchain/avr8/avr8-gnu-toolchain/bin/../lib/gcc/avr/5.4.0/../../../../avr/lib/avr5\libm.a(fp_zero.o)
 .data          0x00000000        0x0 c:/program files (x86)/atmel/studio/7.0/toolchain/avr8/avr8-gnu-toolchain/bin/../lib/gcc/avr/5.4.0/../../../../avr/lib/avr5\libm.a(fp_zero.o)
 .bss           0x00000000        0x0 c:/program files (x86)/atmel/studio/7.0/toolchain/avr8/avr8-gnu-toolchain/bin/../lib/gcc/avr/5.4.0/../../../../avr/lib/avr5\libm.a(fp_zero.o)
 .text          0x00000000        0x0 c:/program files (x86)/atmel/studio/7.0/toolchain/avr8/avr8-gnu-toolchain/bin/../lib/gcc/avr/5.4.0/../../../../avr/lib/avr5\libm.a(mulsf3.o)
 .data          0x00000000        0x0 c:/program files (x86)/atmel/studio/7.0/toolchain/avr8/avr8-gnu-toolchain/bin/../lib/gcc/avr/5.4.0/../../../../avr/lib/avr5\libm.a(mulsf3.o)
 .bss           0x00000000        0x0 c:/program files (x86)/atmel/studio/7.0/toolchain/avr8/avr8-gnu-toolchain/bin/../lib/gcc/avr/5.4.0/../../../../avr/lib/avr5\libm.a(mulsf3.o)
 .text          0x00000000        0x0 c:/program files (x86)/atmel/studio/7.0/toolchain/avr8/avr8-gnu-toolchain/bin/../lib/gcc/avr/5.4.0/../../../../avr/lib/avr5\libm.a(mulsf3x.o)
 .data          0x00000000        0x0 c:/program files (x86)/atmel/studio/7.0/toolchain/avr8/avr8-gnu-toolchain/bin/../lib/gcc/avr/5.4.0/../../../../avr/lib/avr5\libm.a(mulsf3x.o)
 .bss           0x00000000        0x0 c:/program files (x86)/atmel/studio/7.0/toolchain/avr8/avr8-gnu-toolchain/bin/../lib/gcc/avr/5.4.0/../../../../avr/lib/avr5\libm.a(mulsf3x.o)
 .text          0x00000000        0x0 c:/program files (x86)/atmel/studio/7.0/toolchain/avr8/avr8-gnu-toolchain/bin/../lib/gcc/avr/5.4.0/avr5\libgcc.a(_mulsi3.o)
 .data          0x00000000        0x0 c:/program files (x86)/atmel/studio/7.0/toolchain/avr8/avr8-gnu-toolchain/bin/../lib/gcc/avr/5.4.0/avr5\libgcc.a(_mulsi3.o)
 .bss           0x00000000        0x0 c:/program files (x86)/atmel/studio/7.0/toolchain/avr8/avr8-gnu-toolchain/bin/../lib/gcc/avr/5.4.0/avr5\libgcc.a(_mulsi3.o)
 .text.libgcc.mul
                0x00000000       0x20 c:/program files (x86)/atmel/studio/7.0/toolchain/avr8/avr8-gnu-toolchain/bin/../lib/gcc/avr/5.4.0/avr5\libgcc.a(_mulsi3.o)
 .text.libgcc.div
                0x00000000        0x0 c:/program files (x86)/atmel/studio/7.0/toolchain/avr8/avr8-gnu-toolchain/bin/../lib/gcc/avr/5.4.0/avr5\libgcc.a(_mulsi3.o)
 .text.libgcc   0x00000000        0x0 c:/program files (x86)/atmel/studio/7.0/toolchain/avr8/avr8-gnu-toolchain/bin/../lib/gcc/avr/5.4.0/avr5\libgcc.a(_mulsi3.o)
 .text.libgcc.prologue
                0x00000000        0x0 c:/program files (x86)/atmel/studio/7.0/toolchain/avr8/avr8-gnu-toolchain/bin/../lib/gcc/avr/5.4.0/avr5\libgcc.a(_mulsi3.o)
 .text.libgcc.builtins
                0x00000000        0x0 c:/program files (x86)/atmel/studio/7.0/toolchain/avr8/avr8-gnu-toolchain/bin/../lib/gcc/avr/5.4.0/avr5\libgcc.a(_mulsi3.o)
 .text.libgcc.fmul
                0x00000000        0x0 c:/program files (x86)/atmel/studio/7.0/toolchain/avr8/avr8-gnu-toolchain/bin/../lib/gcc/avr/5.4.0/avr5\libgcc.a(_mulsi3.o)
 .text.libgcc.fixed
                0x00000000        0x0 c:/program files (x86)/atmel/studio/7.0/toolchain/avr8/avr8-gnu-toolchain/bin/../lib/gcc/avr/5.4.0/avr5\libgcc.a(_mulsi3.o)
 .text          0x00000000        0x0 c:/program files (x86)/atmel/studio/7.0/toolchain/avr8/avr8-gnu-toolchain/bin/../lib/gcc/avr/5.4.0/avr5\libgcc.a(_udivmodhi4.o)
 .data          0x00000000        0x0 c:/program files (x86)/atmel/studio/7.0/toolchain/avr8/avr8-gnu-toolchain/bin/../lib/gcc/avr/5.4.0/avr5\libgcc.a(_udivmodhi4.o)
 .bss           0x00000000        0x0 c:/program files (x86)/atmel/studio/7.0/toolchain/avr8/avr8-gnu-toolchain/bin/../lib/gcc/avr/5.4.0/avr5\libgcc.a(_udivmodhi4.o)
 .text.libgcc.mul
                0x00000000        0x0 c:/program files (x86)/atmel/studio/7.0/toolchain/avr8/avr8-gnu-toolchain/bin/../lib/gcc/avr/5.4.0/avr5\libgcc.a(_udivmodhi4.o)
 .text.libgcc.div
                0x00000000       0x28 c:/program files (x86)/atmel/studio/7.0/toolchain/avr8/avr8-gnu-toolchain/bin/../lib/gcc/avr/5.4.0/avr5\libgcc.a(_udivmodhi4.o)
 .text.libgcc   0x00000000        0x0 c:/program files (x86)/atmel/studio/7.0/toolchain/avr8/avr8-gnu-toolchain/bin/../lib/gcc/avr/5.4.0/avr5\libgcc.a(_udivmodhi4.o)
 .text.libgcc.prologue
                0x00000000        0x0 c:/program files (x86)/atmel/studio/7.0/toolchain/avr8/avr8-gnu-toolchain/bin/../lib/gcc/avr/5.4.0/avr5\libgcc.a(_udivmodhi4.o)
 .text.libgcc.builtins
                0x00000000        0x0 c:/program files (x86)/atmel/studio/7.0/toolchain/avr8/avr8-gnu-toolchain/bin/../lib/gcc/avr/5.4.0/avr5\libgcc.a(_udivmodhi4.o)
 .text.libgcc.fmul
                0x00000000        0x0 c:/program files (x86)/atmel/studio/7.0/toolchain/avr8/avr8-gnu-toolchain/bin/../lib/gcc/avr/5.4.0/avr5\libgcc.a(_udivmodhi4.o)
 .text.libgcc.fixed
                0x00000000        0x0 c:/program files (x86)/atmel/studio/7.0/toolchain/avr8/avr8-gnu-toolchain/bin/../lib/gcc/avr/5.4.0/avr5\libgcc.a(_udivmodhi4.o)
 .text          0x00000000        0x0 c:/program files (x86)/atmel/studio/7.0/toolchain/avr8/avr8-gnu-toolchain/bin/../lib/gcc/avr/5.4.0/avr5\libgcc.a(_udivmodsi4.o)
 .data          0x00000000        0x0 c:/program files (x86)/atmel/studio/7.0/toolchain/avr8/avr8-gnu-toolchain/bin/../lib/gcc/avr/5.4.0/avr5\libgcc.a(_udivmodsi4.o)
 .bss           0x00000000        0x0 c:/program files (x86)/atmel/studio/7.0/toolchain/avr8/avr8-gnu-toolchain/bin/../lib/gcc/avr/5.4.0/avr5\libgcc.a(_udivmodsi4.o)
 .text.libgcc.mul
                0x00000000        0x0 c:/program files (x86)/atmel/studio/7.0/toolchain/avr8/avr8-gnu-toolchain/bin/../lib/gcc/avr/5.4.0/avr5\libgcc.a(_udivmodsi4.o)
 .text.libgcc.div
                0x00000000       0x44 c:/program files (x86)/atmel/studio/7.0/toolchain/avr8/avr8-gnu-toolchain/bin/../lib/gcc/avr/5.4.0/avr5\libgcc.a(_udivmodsi4.o)
 .text.libgcc   0x00000000        0x0 c:/program files (x86)/atmel/studio/7.0/toolchain/avr8/avr8-gnu-toolchain/bin/../lib/gcc/avr/5.4.0/avr5\libgcc.a(_udivmodsi4.o)
 .text.libgcc.prologue
                0x00000000        0x0 c:/program files (x86)/atmel/studio/7.0/toolchain/avr8/avr8-gnu-toolchain/bin/../lib/gcc/avr/5.4.0/avr5\libgcc.a(_udivmodsi4.o)
 .text.libgcc.builtins
                0x00000000        0x0 c:/program files (x86)/atmel/studio/7.0/toolchain/avr8/avr8-gnu-toolchain/bin/../lib/gcc/avr/5.4.0/avr5\libgcc.a(_udivmodsi4.o)
 .text.libgcc.fmul
                0x00000000        0x0 c:/program files (x86)/atmel/studio/7.0/toolchain/avr8/avr8-gnu-toolchain/bin/../lib/gcc/avr/5.4.0/avr5\libgcc.a(_udivmodsi4.o)
 .text.libgcc.fixed
                0x00000000        0x0 c:/program files (x86)/atmel/studio/7.0/toolchain/avr8/avr8-gnu-toolchain/bin/../lib/gcc/avr/5.4.0/avr5\libgcc.a(_udivmodsi4.o)
 .text          0x00000000        0x0 c:/program files (x86)/atmel/studio/7.0/toolchain/avr8/avr8-gnu-toolchain/bin/../lib/gcc/avr/5.4.0/avr5\libgcc.a(_exit.o)
 .data          0x00000000        0x0 c:/program files (x86)/atmel/studio/7.0/toolchain/avr8/avr8-gnu-toolchain/bin/../lib/gcc/avr/5.4.0/avr5\libgcc.a(_exit.o)
 .bss           0x00000000        0x0 c:/program files (x86)/atmel/studio/7.0/toolchain/avr8/avr8-gnu-toolchain/bin/../lib/gcc/avr/5.4.0/avr5\libgcc.a(_exit.o)
 .text.libgcc.mul
                0x00000000        0x0 c:/program files (x86)/atmel/studio/7.0/toolchain/avr8/avr8-gnu-toolchain/bin/../lib/gcc/avr/5.4.0/avr5\libgcc.a(_exit.o)
 .text.libgcc.div
                0x00000000        0x0 c:/program files (x86)/atmel/studio/7.0/toolchain/avr8/avr8-gnu-toolchain/bin/../lib/gcc/avr/5.4.0/avr5\libgcc.a(_exit.o)
 .text.libgcc   0x00000000        0x0 c:/program files (x86)/atmel/studio/7.0/toolchain/avr8/avr8-gnu-toolchain/bin/../lib/gcc/avr/5.4.0/avr5\libgcc.a(_exit.o)
 .text.libgcc.prologue
                0x00000000        0x0 c:/program files (x86)/atmel/studio/7.0/toolchain/avr8/avr8-gnu-toolchain/bin/../lib/gcc/avr/5.4.0/avr5\libgcc.a(_exit.o)
 .text.libgcc.builtins
                0x00000000        0x0 c:/program files (x86)/atmel/studio/7.0/toolchain/avr8/avr8-gnu-toolchain/bin/../lib/gcc/avr/5.4.0/avr5\libgcc.a(_exit.o)
 .text.libgcc.fmul
                0x00000000        0x0 c:/program files (x86)/atmel/studio/7.0/toolchain/avr8/avr8-gnu-toolchain/bin/../lib/gcc/avr/5.4.0/avr5\libgcc.a(_exit.o)
 .text.libgcc.fixed
                0x00000000        0x0 c:/program files (x86)/atmel/studio/7.0/toolchain/avr8/avr8-gnu-toolchain/bin/../lib/gcc/avr/5.4.0/avr5\libgcc.a(_exit.o)
 .text          0x00000000        0x0 c:/program files (x86)/atmel/studio/7.0/toolchain/avr8/avr8-gnu-toolchain/bin/../lib/gcc/avr/5.4.0/avr5\libgcc.a(_tablejump2.o)
 .data          0x00000000        0x0 c:/program files (x86)/atmel/studio/7.0/toolchain/avr8/avr8-gnu-toolchain/bin/../lib/gcc/avr/5.4.0/avr5\libgcc.a(_tablejump2.o)
 .bss           0x00000000        0x0 c:/program files (x86)/atmel/studio/7.0/toolchain/avr8/avr8-gnu-toolchain/bin/../lib/gcc/avr/5.4.0/avr5\libgcc.a(_tablejump2.o)
 .text.libgcc.mul
                0x00000000        0x0 c:/program files (x86)/atmel/studio/7.0/toolchain/avr8/avr8-gnu-toolchain/bin/../lib/gcc/avr/5.4.0/avr5\libgcc.a(_tablejump2.o)
 .text.libgcc.div
                0x00000000        0x0 c:/program files (x86)/atmel/studio/7.0/toolchain/avr8/avr8-gnu-toolchain/bin/../lib/gcc/avr/5.4.0/avr5\libgcc.a(_tablejump2.o)
 .text.libgcc.prologue
                0x00000000        0x0 c:/program files (x86)/atmel/studio/7.0/toolchain/avr8/avr8-gnu-toolchain/bin/../lib/gcc/avr/5.4.0/avr5\libgcc.a(_tablejump2.o)
 .text.libgcc.builtins
                0x00000000        0x0 c:/program files (x86)/atmel/studio/7.0/toolchain/avr8/avr8-gnu-toolchain/bin/../lib/gcc/avr/5.4.0/avr5\libgcc.a(_tablejump2.o)
 .text.libgcc.fmul
                0x00000000        0x0 c:/program files (x86)/atmel/studio/7.0/toolchain/avr8/avr8-gnu-toolchain/bin/../lib/gcc/avr/5.4.0/avr5\libgcc.a(_tablejump2.o)
 .text.libgcc.fixed
                0x00000000        0x0 c:/program files (x86)/atmel/studio/7.0/toolchain/avr8/avr8-gnu-toolchain/bin/../lib/gcc/avr/5.4.0/avr5\libgcc.a(_tablejump2.o)
 .text          0x00000000        0x0 c:/program files (x86)/atmel/studio/7.0/toolchain/avr8/avr8-gnu-toolchain/bin/../lib/gcc/avr/5.4.0/avr5\libgcc.a(_copy_data.o)
 .data          0x00000000        0x0 c:/program files (x86)/atmel/studio/7.0/toolchain/avr8/avr8-gnu-toolchain/bin/../lib/gcc/avr/5.4.0/avr5\libgcc.a(_copy_data.o)
 .bss           0x00000000        0x0 c:/program files (x86)/atmel/studio/7.0/toolchain/avr8/avr8-gnu-toolchain/bin/../lib/gcc/avr/5.4.0/avr5\libgcc.a(_copy_data.o)
 .text.libgcc.mul
                0x00000000        0x0 c:/program files (x86)/atmel/studio/7.0/toolchain/avr8/avr8-gnu-toolchain/bin/../lib/gcc/avr/5.4.0/avr5\libgcc.a(_copy_data.o)
 .text.libgcc.div
                0x00000000        0x0 c:/program files (x86)/atmel/studio/7.0/toolchain/avr8/avr8-gnu-toolchain/bin/../lib/gcc/avr/5.4.0/avr5\libgcc.a(_copy_data.o)
 .text.libgcc   0x00000000        0x0 c:/program files (x86)/atmel/studio/7.0/toolchain/avr8/avr8-gnu-toolchain/bin/../lib/gcc/avr/5.4.0/avr5\libgcc.a(_copy_data.o)
 .text.libgcc.prologue
                0x00000000        0x0 c:/program files (x86)/atmel/studio/7.0/toolchain/avr8/avr8-gnu-toolchain/bin/../lib/gcc/avr/5.4.0/avr5\libgcc.a(_copy_data.o)
 .text.libgcc.builtins
                0x00000000        0x0 c:/program files (x86)/atmel/studio/7.0/toolchain/avr8/avr8-gnu-toolchain/bin/../lib/gcc/avr/5.4.0/avr5\libgcc.a(_copy_data.o)
 .text.libgcc.fmul
                0x00000000        0x0 c:/program files (x86)/atmel/studio/7.0/toolchain/avr8/avr8-gnu-toolchain/bin/../lib/gcc/avr/5.4.0/avr5\libgcc.a(_copy_data.o)
 .text.libgcc.fixed
                0x00000000        0x0 c:/program files (x86)/atmel/studio/7.0/toolchain/avr8/avr8-gnu-toolchain/bin/../lib/gcc/avr/5.4.0/avr5\libgcc.a(_copy_data.o)
 .text          0x00000000        0x0 c:/program files (x86)/atmel/studio/7.0/toolchain/avr8/avr8-gnu-toolchain/bin/../lib/gcc/avr/5.4.0/avr5\libgcc.a(_clear_bss.o)
 .data          0x00000000        0x0 c:/program files (x86)/atmel/studio/7.0/toolchain/avr8/avr8-gnu-toolchain/bin/../lib/gcc/avr/5.4.0/avr5\libgcc.a(_clear_bss.o)
 .bss           0x00000000        0x0 c:/program files (x86)/atmel/studio/7.0/toolchain/avr8/avr8-gnu-toolchain/bin/../lib/gcc/avr/5.4.0/avr5\libgcc.a(_clear_bss.o)
 .text.libgcc.mul
                0x00000000        0x0 c:/program files (x86)/atmel/studio/7.0/toolchain/avr8/avr8-gnu-toolchain/bin/../lib/gcc/avr/5.4.0/avr5\libgcc.a(_clear_bss.o)
 .text.libgcc.div
                0x00000000        0x0 c:/program files (x86)/atmel/studio/7.0/toolchain/avr8/avr8-gnu-toolchain/bin/../lib/gcc/avr/5.4.0/avr5\libgcc.a(_clear_bss.o)
 .text.libgcc   0x00000000        0x0 c:/program files (x86)/atmel/studio/7.0/toolchain/avr8/avr8-gnu-toolchain/bin/../lib/gcc/avr/5.4.0/avr5\libgcc.a(_clear_bss.o)
 .text.libgcc.prologue
                0x00000000        0x0 c:/program files (x86)/atmel/studio/7.0/toolchain/avr8/avr8-gnu-toolchain/bin/../lib/gcc/avr/5.4.0/avr5\libgcc.a(_clear_bss.o)
 .text.libgcc.builtins
                0x00000000        0x0 c:/program files (x86)/atmel/studio/7.0/toolchain/avr8/avr8-gnu-toolchain/bin/../lib/gcc/avr/5.4.0/avr5\libgcc.a(_clear_bss.o)
 .text.libgcc.fmul
                0x00000000        0x0 c:/program files (x86)/atmel/studio/7.0/toolchain/avr8/avr8-gnu-toolchain/bin/../lib/gcc/avr/5.4.0/avr5\libgcc.a(_clear_bss.o)
 .text.libgcc.fixed
                0x00000000        0x0 c:/program files (x86)/atmel/studio/7.0/toolchain/avr8/avr8-gnu-toolchain/bin/../lib/gcc/avr/5.4.0/avr5\libgcc.a(_clear_bss.o)
 .text          0x00000000        0x0 c:/program files (x86)/atmel/studio/7.0/toolchain/avr8/avr8-gnu-toolchain/bin/../lib/gcc/avr/5.4.0/avr5\libgcc.a(_muluhisi3.o)
 .data          0x00000000        0x0 c:/program files (x86)/atmel/studio/7.0/toolchain/avr8/avr8-gnu-toolchain/bin/../lib/gcc/avr/5.4.0/avr5\libgcc.a(_muluhisi3.o)
 .bss           0x00000000        0x0 c:/program files (x86)/atmel/studio/7.0/toolchain/avr8/avr8-gnu-toolchain/bin/../lib/gcc/avr/5.4.0/avr5\libgcc.a(_muluhisi3.o)
 .text.libgcc.mul
                0x00000000       0x16 c:/program files (x86)/atmel/studio/7.0/toolchain/avr8/avr8-gnu-toolchain/bin/../lib/gcc/avr/5.4.0/avr5\libgcc.a(_muluhisi3.o)
 .text.libgcc.div
                0x00000000        0x0 c:/program files (x86)/atmel/studio/7.0/toolchain/avr8/avr8-gnu-toolchain/bin/../lib/gcc/avr/5.4.0/avr5\libgcc.a(_muluhisi3.o)
 .text.libgcc   0x00000000        0x0 c:/program files (x86)/atmel/studio/7.0/toolchain/avr8/avr8-gnu-toolchain/bin/../lib/gcc/avr/5.4.0/avr5\libgcc.a(_muluhisi3.o)
 .text.libgcc.prologue
                0x00000000        0x0 c:/program files (x86)/atmel/studio/7.0/toolchain/avr8/avr8-gnu-toolchain/bin/../lib/gcc/avr/5.4.0/avr5\libgcc.a(_muluhisi3.o)
 .text.libgcc.builtins
                0x00000000        0x0 c:/program files (x86)/atmel/studio/7.0/toolchain/avr8/avr8-gnu-toolchain/bin/../lib/gcc/avr/5.4.0/avr5\libgcc.a(_muluhisi3.o)
 .text.libgcc.fmul
                0x00000000        0x0 c:/program files (x86)/atmel/studio/7.0/toolchain/avr8/avr8-gnu-toolchain/bin/../lib/gcc/avr/5.4.0/avr5\libgcc.a(_muluhisi3.o)
 .text.libgcc.fixed
                0x00000000        0x0 c:/program files (x86)/atmel/studio/7.0/toolchain/avr8/avr8-gnu-toolchain/bin/../lib/gcc/avr/5.4.0/avr5\libgcc.a(_muluhisi3.o)
 .text          0x00000000        0x0 c:/program files (x86)/atmel/studio/7.0/toolchain/avr8/avr8-gnu-toolchain/bin/../lib/gcc/avr/5.4.0/avr5\libgcc.a(_umulhisi3.o)
 .data          0x00000000        0x0 c:/program files (x86)/atmel/studio/7.0/toolchain/avr8/avr8-gnu-toolchain/bin/../lib/gcc/avr/5.4.0/avr5\libgcc.a(_umulhisi3.o)
 .bss           0x00000000        0x0 c:/program files (x86)/atmel/studio/7.0/toolchain/avr8/avr8-gnu-toolchain/bin/../lib/gcc/avr/5.4.0/avr5\libgcc.a(_umulhisi3.o)
 .text.libgcc.mul
                0x00000000       0x1e c:/program files (x86)/atmel/studio/7.0/toolchain/avr8/avr8-gnu-toolchain/bin/../lib/gcc/avr/5.4.0/avr5\libgcc.a(_umulhisi3.o)
 .text.libgcc.div
                0x00000000        0x0 c:/program files (x86)/atmel/studio/7.0/toolchain/avr8/avr8-gnu-toolchain/bin/../lib/gcc/avr/5.4.0/avr5\libgcc.a(_umulhisi3.o)
 .text.libgcc   0x00000000        0x0 c:/program files (x86)/atmel/studio/7.0/toolchain/avr8/avr8-gnu-toolchain/bin/../lib/gcc/avr/5.4.0/avr5\libgcc.a(_umulhisi3.o)
 .text.libgcc.prologue
                0x00000000        0x0 c:/program files (x86)/atmel/studio/7.0/toolchain/avr8/avr8-gnu-toolchain/bin/../lib/gcc/avr/5.4.0/avr5\libgcc.a(_umulhisi3.o)
 .text.libgcc.builtins
                0x00000000        0x0 c:/program files (x86)/atmel/studio/7.0/toolchain/avr8/avr8-gnu-toolchain/bin/../lib/gcc/avr/5.4.0/avr5\libgcc.a(_umulhisi3.o)
 .text.libgcc.fmul
                0x00000000        0x0 c:/program files (x86)/atmel/studio/7.0/toolchain/avr8/avr8-gnu-toolchain/bin/../lib/gcc/avr/5.4.0/avr5\libgcc.a(_umulhisi3.o)
 .text.libgcc.fixed
                0x00000000        0x0 c:/program files (x86)/atmel/studio/7.0/toolchain/avr8/avr8-gnu-toolchain/bin/../lib/gcc/avr/5.4.0/avr5\libgcc.a(_umulhisi3.o)
 .text          0x00000000        0x0 c:/program files (x86)/atmel/studio/7.0/toolchain/avr8/avr8-gnu-toolchain/bin/../lib/gcc/avr/5.4.0/../../../../avr/lib/avr5\libc.a(memcpy.o)
 .data          0x00000000        0x0 c:/program files (x86)/atmel/studio/7.0/toolchain/avr8/avr8-gnu-toolchain/bin/../lib/gcc/avr/5.4.0/../../../../avr/lib/avr5\libc.a(memcpy.o)
 .bss           0x00000000        0x0 c:/program files (x86)/atmel/studio/7.0/toolchain/avr8/avr8-gnu-toolchain/bin/../lib/gcc/avr/5.4.0/../../../../avr/lib/avr5\libc.a(memcpy.o)
 .text.avr-libc
                0x00000000       0x12 c:/program files (x86)/atmel/studio/7.0/toolchain/avr8/avr8-gnu-toolchain/bin/../lib/gcc/avr/5.4.0/../../../../avr/lib/avr5\libc.a(memcpy.o)

Memory Configuration

Name             Origin             Length             Attributes
text             0x00000000         0x00008000         xr
data             0x00800060         0x00000800         rw !x
eeprom           0x00810000         0x00000400         rw !x
fuse             0x00820000         0x00000002         rw !x
lock             0x00830000         0x00000400         rw !x
signature        0x00840000         0x00000400         rw !x
user_signatures  0x00850000         0x00000400         rw !x
*default*        0x00000000         0xffffffff

Linker script and memory map

LOAD C:/Program Files (x86)/Atmel/Studio/7.0/Packs/atmel/ATmega_DFP/1.7.374/gcc/dev/atmega32/avr5/crtatmega32.o
LOAD HAL/DCM/DCM_program.o
LOAD HAL/KPD/KPD_program.o
LOAD HAL/LCD/LCD_program.o
LOAD HAL/SERVO/SERVO_program.o
LOAD LIB/num_str_conv.o
LOAD main.o
LOAD MCAL/ADC/ADC_program.o
LOAD MCAL/DIO/DIO_program.o
LOAD MCAL/EXTI/EXTI_program.o
LOAD MCAL/GI/GI_program.o
LOAD MCAL/SPI/SPI_program.o
LOAD MCAL/TIMERS/TIMERS_program.o
LOAD MCAL/TWI/TWI_program.o
LOAD MCAL/UART/UART_program.o
LOAD MCAL/WDT/WDT_program.o
LOAD Service/FREE_RTOS/croutine.o
LOAD Service/FREE_RTOS/heap_1.o
LOAD Service/FREE_RTOS/list.o
LOAD Service/FREE_RTOS/port.o
LOAD Service/FREE_RTOS/queue.o
LOAD Service/FREE_RTOS/tasks.o
LOAD Service/FREE_RTOS/timers.o
LOAD Service/RTO/RTO_program.o
START GROUP
LOAD c:/program files (x86)/atmel/studio/7.0/toolchain/avr8/avr8-gnu-toolchain/bin/../lib/gcc/avr/5.4.0/../../../../avr/lib/avr5\libm.a
END GROUP
START GROUP
LOAD c:/program files (x86)/atmel/studio/7.0/toolchain/avr8/avr8-gnu-toolchain/bin/../lib/gcc/avr/5.4.0/avr5\libgcc.a
LOAD c:/program files (x86)/atmel/studio/7.0/toolchain/avr8/avr8-gnu-toolchain/bin/../lib/gcc/avr/5.4.0/../../../../avr/lib/avr5\libm.a
LOAD c:/program files (x86)/atmel/studio/7.0/toolchain/avr8/avr8-gnu-toolchain/bin/../lib/gcc/avr/5.4.0/../../../../avr/lib/avr5\libc.a
LOAD C:/Program Files (x86)/Atmel/Studio/7.0/Packs/atmel/ATmega_DFP/1.7.374/gcc/dev/atmega32/avr5\libatmega32.a
END GROUP
                0x00000000                __TEXT_REGION_ORIGIN__ = DEFINED (__TEXT_REGION_ORIGIN__)?__TEXT_REGION_ORIGIN__:0x0
                [0x00800060]                __DATA_REGION_ORIGIN__ = DEFINED (__DATA_REGION_ORIGIN__)?__DATA_REGION_ORIGIN__:0x800060
                [0x00008000]                __TEXT_REGION_LENGTH__ = DEFINED (__TEXT_REGION_LENGTH__)?__TEXT_REGION_LENGTH__:0x20000
                [0x00000800]                __DATA_REGION_LENGTH__ = DEFINED (__DATA_REGION_LENGTH__)?__DATA_REGION_LENGTH__:0xffa0
                [0x00000400]                __EEPROM_REGION_LENGTH__ = DEFINED (__EEPROM_REGION_LENGTH__)?__EEPROM_REGION_LENGTH__:0x10000
                [0x00000002]                __FUSE_REGION_LENGTH__ = DEFINED (__FUSE_REGION_LENGTH__)?__FUSE_REGION_LENGTH__:0x400
                0x00000400                __LOCK_REGION_LENGTH__ = DEFINED (__LOCK_REGION_LENGTH__)?__LOCK_REGION_LENGTH__:0x400
                0x00000400                __SIGNATURE_REGION_LENGTH__ = DEFINED (__SIGNATURE_REGION_LENGTH__)?__SIGNATURE_REGION_LENGTH__:0x400
                0x00000400                __USER_SIGNATURE_REGION_LENGTH__ = DEFINED (__USER_SIGNATURE_REGION_LENGTH__)?__USER_SIGNATURE_REGION_LENGTH__:0x400

.hash
 *(.hash)

.dynsym
 *(.dynsym)

.dynstr
 *(.dynstr)

.gnu.version
 *(.gnu.version)

.gnu.version_d
 *(.gnu.version_d)

.gnu.version_r
 *(.gnu.version_r)

.rel.init
 *(.rel.init)

.rela.init
 *(.rela.init)

.rel.text
 *(.rel.text)
 *(.rel.text.*)
 *(.rel.gnu.linkonce.t*)

.rela.text
 *(.rela.text)
 *(.rela.text.*)
 *(.rela.gnu.linkonce.t*)

.rel.fini
 *(.rel.fini)

.rela.fini
 *(.rela.fini)

.rel.rodata
 *(.rel.rodata)
 *(.rel.rodata.*)
 *(.rel.gnu.linkonce.r*)

.rela.rodata
 *(.rela.rodata)
 *(.rela.rodata.*)
 *(.rela.gnu.linkonce.r*)

.rel.data
 *(.rel.data)
 *(.rel.data.*)
 *(.rel.gnu.linkonce.d*)

.rela.data
 *(.rela.data)
 *(.rela.data.*)
 *(.rela.gnu.linkonce.d*)

.rel.ctors
 *(.rel.ctors)

.rela.ctors
 *(.rela.ctors)

.rel.dtors
 *(.rel.dtors)

.rela.dtors
 *(.rela.dtors)

.rel.got
 *(.rel.got)

.rela.got
 *(.rela.got)

.rel.bss
 *(.rel.bss)

.rela.bss
 *(.rela.bss)

.rel.plt
 *(.rel.plt)

.rela.plt
 *(.rela.plt)

.text           0x00000000     0x16d4
 *(.vectors)
 .vectors       0x00000000       0x54 C:/Program Files (x86)/Atmel/Studio/7.0/Packs/atmel/ATmega_DFP/1.7.374/gcc/dev/atmega32/avr5/crtatmega32.o
                0x00000000                __vector_default
                0x00000000                __vectors
 *(.vectors)
 *(.progmem.gcc*)
 .progmem.gcc_sw_table.DIO_u8SetPinValue
                0x00000054       0x80 MCAL/DIO/DIO_program.o
 .progmem.gcc_sw_table.DIO_u8GetPinValue
                0x000000d4       0x10 MCAL/DIO/DIO_program.o
                0x000000e4                . = ALIGN (0x2)
                0x000000e4                __trampolines_start = .
 *(.trampolines)
 .trampolines   0x000000e4        0x0 linker stubs
 *(.trampolines*)
                0x000000e4                __trampolines_end = .
 *libprintf_flt.a:*(.progmem.data)
 *libc.a:*(.progmem.data)
 *(.progmem*)
                0x000000e4                . = ALIGN (0x2)
 *(.jumptables)
 *(.jumptables*)
 *(.lowtext)
 *(.lowtext*)
                0x000000e4                __ctors_start = .
 *(.ctors)
                0x000000e4                __ctors_end = .
                0x000000e4                __dtors_start = .
 *(.dtors)
                0x000000e4                __dtors_end = .
 SORT(*)(.ctors)
 SORT(*)(.dtors)
 *(.init0)
 .init0         0x000000e4        0x0 C:/Program Files (x86)/Atmel/Studio/7.0/Packs/atmel/ATmega_DFP/1.7.374/gcc/dev/atmega32/avr5/crtatmega32.o
                0x000000e4                __init
 *(.init0)
 *(.init1)
 *(.init1)
 *(.init2)
 .init2         0x000000e4        0xc C:/Program Files (x86)/Atmel/Studio/7.0/Packs/atmel/ATmega_DFP/1.7.374/gcc/dev/atmega32/avr5/crtatmega32.o
 *(.init2)
 *(.init3)
 *(.init3)
 *(.init4)
 .init4         0x000000f0       0x16 c:/program files (x86)/atmel/studio/7.0/toolchain/avr8/avr8-gnu-toolchain/bin/../lib/gcc/avr/5.4.0/avr5\libgcc.a(_copy_data.o)
                0x000000f0                __do_copy_data
 .init4         0x00000106       0x10 c:/program files (x86)/atmel/studio/7.0/toolchain/avr8/avr8-gnu-toolchain/bin/../lib/gcc/avr/5.4.0/avr5\libgcc.a(_clear_bss.o)
                0x00000106                __do_clear_bss
 *(.init4)
 *(.init5)
 *(.init5)
 *(.init6)
 *(.init6)
 *(.init7)
 *(.init7)
 *(.init8)
 *(.init8)
 *(.init9)
 .init9         0x00000116        0x8 C:/Program Files (x86)/Atmel/Studio/7.0/Packs/atmel/ATmega_DFP/1.7.374/gcc/dev/atmega32/avr5/crtatmega32.o
 *(.init9)
 *(.text)
 .text          0x0000011e        0x4 C:/Program Files (x86)/Atmel/Studio/7.0/Packs/atmel/ATmega_DFP/1.7.374/gcc/dev/atmega32/avr5/crtatmega32.o
                0x0000011e                __vector_12
                0x0000011e                __bad_interrupt
                0x0000011e                __vector_6
                0x0000011e                __vector_13
                0x0000011e                __vector_17
                0x0000011e                __vector_19
                0x0000011e                __vector_5
                0x0000011e                __vector_4
                0x0000011e                __vector_9
                0x0000011e                __vector_15
                0x0000011e                __vector_8
                0x0000011e                __vector_14
                0x0000011e                __vector_10
                0x0000011e                __vector_18
                0x0000011e                __vector_20
                0x00000122                . = ALIGN (0x2)
 *(.text.*)
 .text.DCM_voidTurnRight
                0x00000122       0x16 HAL/DCM/DCM_program.o
                0x00000122                DCM_voidTurnRight
 .text.DCM_voidTurnLeft
                0x00000138       0x16 HAL/DCM/DCM_program.o
                0x00000138                DCM_voidTurnLeft
 .text.DCM_voidTurnOff
                0x0000014e       0x16 HAL/DCM/DCM_program.o
                0x0000014e                DCM_voidTurnOff
 .text.KPD_u8GetKeyStatus
                0x00000164       0xee HAL/KPD/KPD_program.o
                0x00000164                KPD_u8GetKeyStatus
 .text.LCD_voidSendCmnd
                0x00000252       0x3a HAL/LCD/LCD_program.o
                0x00000252                LCD_voidSendCmnd
 .text.LCD_voidInit
                0x0000028c       0x42 HAL/LCD/LCD_program.o
                0x0000028c                LCD_voidInit
 .text.LCD_voidSendChar
                0x000002ce       0x3a HAL/LCD/LCD_program.o
                0x000002ce                LCD_voidSendChar
 .text.LCD_u8SendString_const
                0x00000308       0x30 HAL/LCD/LCD_program.o
                0x00000308                LCD_u8SendString_const
 .text.LCD_u8SetPos
                0x00000338       0x2e HAL/LCD/LCD_program.o
                0x00000338                LCD_u8SetPos
 .text.LCD_voidClear
                0x00000366       0x14 HAL/LCD/LCD_program.o
                0x00000366                LCD_voidClear
 .text.set_angle
                0x0000037a       0x3a HAL/SERVO/SERVO_program.o
                0x0000037a                set_angle
 .text.PrintToUser_const
                0x000003b4       0x1e main.o
                0x000003b4                PrintToUser_const
 .text.is_str_equal
                0x000003d2       0x40 main.o
                0x000003d2                is_str_equal
 .text.getInputFromUser_const
                0x00000412       0xa8 main.o
                0x00000412                getInputFromUser_const
 .text.open_door
                0x000004ba       0x1c main.o
                0x000004ba                open_door
 .text.close_door
                0x000004d6       0x1c main.o
                0x000004d6                close_door
 .text.unlock_the_lock
                0x000004f2       0x1a main.o
                0x000004f2                unlock_the_lock
 .text.lock_the_lock
                0x0000050c       0x1a main.o
                0x0000050c                lock_the_lock
 .text.main     0x00000526       0xc0 main.o
                0x00000526                main
 .text.__vector_16
                0x000005e6       0x68 MCAL/ADC/ADC_program.o
                0x000005e6                __vector_16
 .text.DIO_voidInit
                0x0000064e       0x16 MCAL/DIO/DIO_program.o
                0x0000064e                DIO_voidInit
 .text.DIO_u8SetPinValue
                0x00000664      0x3b0 MCAL/DIO/DIO_program.o
                0x00000664                DIO_u8SetPinValue
 .text.DIO_u8GetPinValue
                0x00000a14      0x2e0 MCAL/DIO/DIO_program.o
                0x00000a14                DIO_u8GetPinValue
 .text.DIO_u8SetPortValue
                0x00000cf4       0x32 MCAL/DIO/DIO_program.o
                0x00000cf4                DIO_u8SetPortValue
 .text.__vector_1
                0x00000d26       0x52 MCAL/EXTI/EXTI_program.o
                0x00000d26                __vector_1
 .text.__vector_2
                0x00000d78       0x52 MCAL/EXTI/EXTI_program.o
                0x00000d78                __vector_2
 .text.__vector_3
                0x00000dca       0x52 MCAL/EXTI/EXTI_program.o
                0x00000dca                __vector_3
 .text.GI_voidEnable
                0x00000e1c        0x8 MCAL/GI/GI_program.o
                0x00000e1c                GI_voidEnable
 .text.TIMERS_voidTimer1Init
                0x00000e24       0x48 MCAL/TIMERS/TIMERS_program.o
                0x00000e24                TIMERS_voidTimer1Init
 .text.__vector_11
                0x00000e6c       0x74 MCAL/TIMERS/TIMERS_program.o
                0x00000e6c                __vector_11
 .text.vPortYieldFromTick
                0x00000ee0       0xb8 Service/FREE_RTOS/port.o
                0x00000ee0                vPortYieldFromTick
 .text.__vector_7
                0x00000f98        0x6 Service/FREE_RTOS/port.o
                0x00000f98                __vector_7
 .text.prvResetNextTaskUnblockTime
                0x00000f9e       0x38 Service/FREE_RTOS/tasks.o
 .text.xTaskIncrementTick
                0x00000fd6      0x234 Service/FREE_RTOS/tasks.o
                0x00000fd6                xTaskIncrementTick
 .text.vTaskSwitchContext
                0x0000120a       0xa8 Service/FREE_RTOS/tasks.o
                0x0000120a                vTaskSwitchContext
 .text.avr-libc.fplib
                0x000012b2        0xe c:/program files (x86)/atmel/studio/7.0/toolchain/avr8/avr8-gnu-toolchain/bin/../lib/gcc/avr/5.4.0/../../../../avr/lib/avr5\libm.a(addsf3.o)
                0x000012b2                __subsf3
                0x000012b4                __addsf3
 .text.avr-libc.fplib
                0x000012c0       0xcc c:/program files (x86)/atmel/studio/7.0/toolchain/avr8/avr8-gnu-toolchain/bin/../lib/gcc/avr/5.4.0/../../../../avr/lib/avr5\libm.a(addsf3x.o)
                0x000012e2                __addsf3x
 .text.avr-libc.fplib
                0x0000138c        0x8 c:/program files (x86)/atmel/studio/7.0/toolchain/avr8/avr8-gnu-toolchain/bin/../lib/gcc/avr/5.4.0/../../../../avr/lib/avr5\libm.a(divsf3.o)
                0x0000138c                __divsf3
 .text.avr-libc.fplib
                0x00001394       0xdc c:/program files (x86)/atmel/studio/7.0/toolchain/avr8/avr8-gnu-toolchain/bin/../lib/gcc/avr/5.4.0/../../../../avr/lib/avr5\libm.a(divsf3x.o)
                0x000013b4                __divsf3x
                0x000013ba                __divsf3_pse
 .text.avr-libc.fplib
                0x00001470       0x5e c:/program files (x86)/atmel/studio/7.0/toolchain/avr8/avr8-gnu-toolchain/bin/../lib/gcc/avr/5.4.0/../../../../avr/lib/avr5\libm.a(fixunssfsi.o)
                0x00001470                __fixunssfsi
 .text.avr-libc.fplib
                0x000014ce       0x7a c:/program files (x86)/atmel/studio/7.0/toolchain/avr8/avr8-gnu-toolchain/bin/../lib/gcc/avr/5.4.0/../../../../avr/lib/avr5\libm.a(floatsisf.o)
                0x000014ce                __floatunsisf
                0x000014d2                __floatsisf
 .text.avr-libc.fplib
                0x00001548        0xc c:/program files (x86)/atmel/studio/7.0/toolchain/avr8/avr8-gnu-toolchain/bin/../lib/gcc/avr/5.4.0/../../../../avr/lib/avr5\libm.a(fp_inf.o)
                0x00001548                __fp_inf
 .text.avr-libc.fplib
                0x00001554        0x6 c:/program files (x86)/atmel/studio/7.0/toolchain/avr8/avr8-gnu-toolchain/bin/../lib/gcc/avr/5.4.0/../../../../avr/lib/avr5\libm.a(fp_nan.o)
                0x00001554                __fp_nan
 .text.avr-libc.fplib
                0x0000155a        0xe c:/program files (x86)/atmel/studio/7.0/toolchain/avr8/avr8-gnu-toolchain/bin/../lib/gcc/avr/5.4.0/../../../../avr/lib/avr5\libm.a(fp_pscA.o)
                0x0000155a                __fp_pscA
 .text.avr-libc.fplib
                0x00001568        0xe c:/program files (x86)/atmel/studio/7.0/toolchain/avr8/avr8-gnu-toolchain/bin/../lib/gcc/avr/5.4.0/../../../../avr/lib/avr5\libm.a(fp_pscB.o)
                0x00001568                __fp_pscB
 .text.avr-libc.fplib
                0x00001576       0x22 c:/program files (x86)/atmel/studio/7.0/toolchain/avr8/avr8-gnu-toolchain/bin/../lib/gcc/avr/5.4.0/../../../../avr/lib/avr5\libm.a(fp_round.o)
                0x00001576                __fp_round
 .text.avr-libc.fplib
                0x00001598       0x44 c:/program files (x86)/atmel/studio/7.0/toolchain/avr8/avr8-gnu-toolchain/bin/../lib/gcc/avr/5.4.0/../../../../avr/lib/avr5\libm.a(fp_split3.o)
                0x00001598                __fp_split3
                0x000015a8                __fp_splitA
 .text.avr-libc.fplib
                0x000015dc        0xe c:/program files (x86)/atmel/studio/7.0/toolchain/avr8/avr8-gnu-toolchain/bin/../lib/gcc/avr/5.4.0/../../../../avr/lib/avr5\libm.a(fp_zero.o)
                0x000015dc                __fp_zero
                0x000015de                __fp_szero
 .text.avr-libc.fplib
                0x000015ea        0x8 c:/program files (x86)/atmel/studio/7.0/toolchain/avr8/avr8-gnu-toolchain/bin/../lib/gcc/avr/5.4.0/../../../../avr/lib/avr5\libm.a(mulsf3.o)
                0x000015ea                __mulsf3
 .text.avr-libc.fplib
                0x000015f2       0xd2 c:/program files (x86)/atmel/studio/7.0/toolchain/avr8/avr8-gnu-toolchain/bin/../lib/gcc/avr/5.4.0/../../../../avr/lib/avr5\libm.a(mulsf3x.o)
                0x00001610                __mulsf3x
                0x00001616                __mulsf3_pse
 .text.libgcc   0x000016c4        0xc c:/program files (x86)/atmel/studio/7.0/toolchain/avr8/avr8-gnu-toolchain/bin/../lib/gcc/avr/5.4.0/avr5\libgcc.a(_tablejump2.o)
                0x000016c4                __tablejump2__
                0x000016d0                . = ALIGN (0x2)
 *(.fini9)
 .fini9         0x000016d0        0x0 c:/program files (x86)/atmel/studio/7.0/toolchain/avr8/avr8-gnu-toolchain/bin/../lib/gcc/avr/5.4.0/avr5\libgcc.a(_exit.o)
                0x000016d0                _exit
                0x000016d0                exit
 *(.fini9)
 *(.fini8)
 *(.fini8)
 *(.fini7)
 *(.fini7)
 *(.fini6)
 *(.fini6)
 *(.fini5)
 *(.fini5)
 *(.fini4)
 *(.fini4)
 *(.fini3)
 *(.fini3)
 *(.fini2)
 *(.fini2)
 *(.fini1)
 *(.fini1)
 *(.fini0)
 .fini0         0x000016d0        0x4 c:/program files (x86)/atmel/studio/7.0/toolchain/avr8/avr8-gnu-toolchain/bin/../lib/gcc/avr/5.4.0/avr5\libgcc.a(_exit.o)
 *(.fini0)
                0x000016d4                _etext = .

.data           0x00800060       0x6a load address 0x000016d4
                0x00800060                PROVIDE (__data_start, .)
 *(.data)
 *(.data*)
 .data.KPD_Au8Colomns
                0x00800060        0x4 HAL/KPD/KPD_program.o
                0x00800060                KPD_Au8Colomns
 .data.KPD_Au8Rows
                0x00800064        0x4 HAL/KPD/KPD_program.o
                0x00800064                KPD_Au8Rows
 .data.KPD_Au8keys
                0x00800068       0x10 HAL/KPD/KPD_program.o
                0x00800068                KPD_Au8keys
 *(.gnu.linkonce.d*)
 *(.rodata)
 *(.rodata*)
 .rodata.str1.1
                0x00800078       0x51 main.o
 *(.gnu.linkonce.r*)
                0x008000ca                . = ALIGN (0x2)
 *fill*         0x008000c9        0x1 
                0x008000ca                _edata = .
                0x008000ca                PROVIDE (__data_end, .)

.bss            0x008000ca       0x41
                0x008000ca                PROVIDE (__bss_start, .)
 *(.bss)
 *(.bss*)
 .bss.ADC_pfNotification
                0x008000ca        0x2 MCAL/ADC/ADC_program.o
 .bss.ADC_u8_busy_flag
                0x008000cc        0x1 MCAL/ADC/ADC_program.o
 .bss.EXTI_ApfEXTI
                0x008000cd        0x6 MCAL/EXTI/EXTI_program.o
 .bss.Local_u16CounterOVF.1633
                0x008000d3        0x2 MCAL/TIMERS/TIMERS_program.o
 .bss.TIMERS_pfTimer0OVF
                0x008000d5        0x2 MCAL/TIMERS/TIMERS_program.o
 .bss.uxSchedulerSuspended
                0x008000d7        0x1 Service/FREE_RTOS/tasks.o
 .bss.xNextTaskUnblockTime
                0x008000d8        0x2 Service/FREE_RTOS/tasks.o
 .bss.xNumOfOverflows
                0x008000da        0x1 Service/FREE_RTOS/tasks.o
 .bss.xYieldPending
                0x008000db        0x1 Service/FREE_RTOS/tasks.o
 .bss.xPendedTicks
                0x008000dc        0x2 Service/FREE_RTOS/tasks.o
 .bss.uxTopReadyPriority
                0x008000de        0x1 Service/FREE_RTOS/tasks.o
 .bss.xTickCount
                0x008000df        0x2 Service/FREE_RTOS/tasks.o
 .bss.pxOverflowDelayedTaskList
                0x008000e1        0x2 Service/FREE_RTOS/tasks.o
 .bss.pxDelayedTaskList
                0x008000e3        0x2 Service/FREE_RTOS/tasks.o
 .bss.pxReadyTasksLists
                0x008000e5       0x24 Service/FREE_RTOS/tasks.o
 .bss.pxCurrentTCB
                0x00800109        0x2 Service/FREE_RTOS/tasks.o
                0x00800109                pxCurrentTCB
 *(COMMON)
                0x0080010b                PROVIDE (__bss_end, .)
                0x000016d4                __data_load_start = LOADADDR (.data)
                0x0000173e                __data_load_end = (__data_load_start + SIZEOF (.data))

.noinit         0x0080010b        0x0
                [!provide]                PROVIDE (__noinit_start, .)
 *(.noinit*)
                [!provide]                PROVIDE (__noinit_end, .)
                0x0080010b                _end = .
                [!provide]                PROVIDE (__heap_start, .)

.eeprom         0x00810000        0x0
 *(.eeprom*)
                0x00810000                __eeprom_end = .

.fuse
 *(.fuse)
 *(.lfuse)
 *(.hfuse)
 *(.efuse)

.lock
 *(.lock*)

.signature
 *(.signature*)

.user_signatures
 *(.user_signatures*)

.stab
 *(.stab)

.stabstr
 *(.stabstr)

.stab.excl
 *(.stab.excl)

.stab.exclstr
 *(.stab.exclstr)

.stab.index
 *(.stab.index)

.stab.indexstr
 *(.stab.indexstr)

.comment        0x00000000       0x30
 *(.comment)
 .comment       0x00000000       0x30 HAL/DCM/DCM_program.o
                                 0x31 (size before relaxing)
 .comment       0x00000030       0x31 HAL/KPD/KPD_program.o
 .comment       0x00000030       0x31 HAL/LCD/LCD_program.o
 .comment       0x00000030       0x31 HAL/SERVO/SERVO_program.o
 .comment       0x00000030       0x31 main.o
 .comment       0x00000030       0x31 MCAL/ADC/ADC_program.o
 .comment       0x00000030       0x31 MCAL/DIO/DIO_program.o
 .comment       0x00000030       0x31 MCAL/EXTI/EXTI_program.o
 .comment       0x00000030       0x31 MCAL/GI/GI_program.o
 .comment       0x00000030       0x31 MCAL/TIMERS/TIMERS_program.o
 .comment       0x00000030       0x31 Service/FREE_RTOS/port.o
 .comment       0x00000030       0x31 Service/FREE_RTOS/tasks.o

.note.gnu.avr.deviceinfo
                0x00000000       0x3c
 .note.gnu.avr.deviceinfo
                0x00000000       0x3c C:/Program Files (x86)/Atmel/Studio/7.0/Packs/atmel/ATmega_DFP/1.7.374/gcc/dev/atmega32/avr5/crtatmega32.o

.note.gnu.build-id
 *(.note.gnu.build-id)

.debug
 *(.debug)

.line
 *(.line)

.debug_srcinfo
 *(.debug_srcinfo)

.debug_sfnames
 *(.debug_sfnames)

.debug_aranges  0x00000000      0x408
 *(.debug_aranges)
 .debug_aranges
                0x00000000       0x30 HAL/DCM/DCM_program.o
 .debug_aranges
                0x00000030       0x20 HAL/KPD/KPD_program.o
 .debug_aranges
                0x00000050       0x58 HAL/LCD/LCD_program.o
 .debug_aranges
                0x000000a8       0x20 HAL/SERVO/SERVO_program.o
 .debug_aranges
                0x000000c8       0x68 main.o
 .debug_aranges
                0x00000130       0x38 MCAL/ADC/ADC_program.o
 .debug_aranges
                0x00000168       0x40 MCAL/DIO/DIO_program.o
 .debug_aranges
                0x000001a8       0x48 MCAL/EXTI/EXTI_program.o
 .debug_aranges
                0x000001f0       0x28 MCAL/GI/GI_program.o
 .debug_aranges
                0x00000218       0x48 MCAL/TIMERS/TIMERS_program.o
 .debug_aranges
                0x00000260       0x50 Service/FREE_RTOS/port.o
 .debug_aranges
                0x000002b0      0x158 Service/FREE_RTOS/tasks.o

.debug_pubnames
 *(.debug_pubnames)

.debug_info     0x00000000     0x3b93
 *(.debug_info .gnu.linkonce.wi.*)
 .debug_info    0x00000000      0x4e6 C:/Program Files (x86)/Atmel/Studio/7.0/Packs/atmel/ATmega_DFP/1.7.374/gcc/dev/atmega32/avr5/crtatmega32.o
 .debug_info    0x000004e6      0x15f HAL/DCM/DCM_program.o
 .debug_info    0x00000645      0x1d0 HAL/KPD/KPD_program.o
 .debug_info    0x00000815      0x6a0 HAL/LCD/LCD_program.o
 .debug_info    0x00000eb5       0x9d HAL/SERVO/SERVO_program.o
 .debug_info    0x00000f52      0x8ec main.o
 .debug_info    0x0000183e      0x195 MCAL/ADC/ADC_program.o
 .debug_info    0x000019d3      0x1e8 MCAL/DIO/DIO_program.o
 .debug_info    0x00001bbb      0x1b4 MCAL/EXTI/EXTI_program.o
 .debug_info    0x00001d6f       0x98 MCAL/GI/GI_program.o
 .debug_info    0x00001e07      0x17a MCAL/TIMERS/TIMERS_program.o
 .debug_info    0x00001f81      0x24e Service/FREE_RTOS/port.o
 .debug_info    0x000021cf     0x19c4 Service/FREE_RTOS/tasks.o

.debug_abbrev   0x00000000     0x119f
 *(.debug_abbrev)
 .debug_abbrev  0x00000000      0x4a3 C:/Program Files (x86)/Atmel/Studio/7.0/Packs/atmel/ATmega_DFP/1.7.374/gcc/dev/atmega32/avr5/crtatmega32.o
 .debug_abbrev  0x000004a3       0x6f HAL/DCM/DCM_program.o
 .debug_abbrev  0x00000512       0xd9 HAL/KPD/KPD_program.o
 .debug_abbrev  0x000005eb      0x1e5 HAL/LCD/LCD_program.o
 .debug_abbrev  0x000007d0       0x55 HAL/SERVO/SERVO_program.o
 .debug_abbrev  0x00000825      0x1d5 main.o
 .debug_abbrev  0x000009fa       0xcf MCAL/ADC/ADC_program.o
 .debug_abbrev  0x00000ac9      0x117 MCAL/DIO/DIO_program.o
 .debug_abbrev  0x00000be0       0xc0 MCAL/EXTI/EXTI_program.o
 .debug_abbrev  0x00000ca0       0x46 MCAL/GI/GI_program.o
 .debug_abbrev  0x00000ce6       0xe2 MCAL/TIMERS/TIMERS_program.o
 .debug_abbrev  0x00000dc8      0x143 Service/FREE_RTOS/port.o
 .debug_abbrev  0x00000f0b      0x294 Service/FREE_RTOS/tasks.o

.debug_line     0x00000000     0x34fa
 *(.debug_line .debug_line.* .debug_line_end)
 .debug_line    0x00000000      0x116 C:/Program Files (x86)/Atmel/Studio/7.0/Packs/atmel/ATmega_DFP/1.7.374/gcc/dev/atmega32/avr5/crtatmega32.o
 .debug_line    0x00000116       0xb7 HAL/DCM/DCM_program.o
 .debug_line    0x000001cd      0x12f HAL/KPD/KPD_program.o
 .debug_line    0x000002fc      0x357 HAL/LCD/LCD_program.o
 .debug_line    0x00000653       0x76 HAL/SERVO/SERVO_program.o
 .debug_line    0x000006c9      0x4ee main.o
 .debug_line    0x00000bb7      0x1ce MCAL/ADC/ADC_program.o
 .debug_line    0x00000d85     0x1043 MCAL/DIO/DIO_program.o
 .debug_line    0x00001dc8      0x2bb MCAL/EXTI/EXTI_program.o
 .debug_line    0x00002083       0x85 MCAL/GI/GI_program.o
 .debug_line    0x00002108      0x196 MCAL/TIMERS/TIMERS_program.o
 .debug_line    0x0000229e      0x2ad Service/FREE_RTOS/port.o
 .debug_line    0x0000254b      0xfaf Service/FREE_RTOS/tasks.o

.debug_frame    0x00000000      0xbc0
 *(.debug_frame)
 .debug_frame   0x00000000       0x44 HAL/DCM/DCM_program.o
 .debug_frame   0x00000044       0x64 HAL/KPD/KPD_program.o
 .debug_frame   0x000000a8       0xe8 HAL/LCD/LCD_program.o
 .debug_frame   0x00000190       0x24 HAL/SERVO/SERVO_program.o
 .debug_frame   0x000001b4      0x124 main.o
 .debug_frame   0x000002d8       0x9c MCAL/ADC/ADC_program.o
 .debug_frame   0x00000374       0x70 MCAL/DIO/DIO_program.o
 .debug_frame   0x000003e4      0x14c MCAL/EXTI/EXTI_program.o
 .debug_frame   0x00000530       0x34 MCAL/GI/GI_program.o
 .debug_frame   0x00000564       0xbc MCAL/TIMERS/TIMERS_program.o
 .debug_frame   0x00000620       0x84 Service/FREE_RTOS/port.o
 .debug_frame   0x000006a4      0x51c Service/FREE_RTOS/tasks.o

.debug_str      0x00000000     0x15cd
 *(.debug_str)
 .debug_str     0x00000000      0x196 C:/Program Files (x86)/Atmel/Studio/7.0/Packs/atmel/ATmega_DFP/1.7.374/gcc/dev/atmega32/avr5/crtatmega32.o
 .debug_str     0x00000196      0x18e HAL/DCM/DCM_program.o
                                0x1b5 (size before relaxing)
 .debug_str     0x00000324       0xe9 HAL/KPD/KPD_program.o
                                0x252 (size before relaxing)
 .debug_str     0x0000040d      0x18c HAL/LCD/LCD_program.o
                                0x31e (size before relaxing)
 .debug_str     0x00000599       0x34 HAL/SERVO/SERVO_program.o
                                0x18b (size before relaxing)
 .debug_str     0x000005cd      0x168 main.o
                                0x3fd (size before relaxing)
 .debug_str     0x00000735       0xea MCAL/ADC/ADC_program.o
                                0x254 (size before relaxing)
 .debug_str     0x0000081f       0x8d MCAL/DIO/DIO_program.o
                                0x23b (size before relaxing)
 .debug_str     0x000008ac       0xcd MCAL/EXTI/EXTI_program.o
                                0x240 (size before relaxing)
 .debug_str     0x00000979       0x27 MCAL/GI/GI_program.o
                                0x18c (size before relaxing)
 .debug_str     0x000009a0       0xf3 MCAL/TIMERS/TIMERS_program.o
                                0x27b (size before relaxing)
 .debug_str     0x00000a93      0x144 Service/FREE_RTOS/port.o
                                0x2c5 (size before relaxing)
 .debug_str     0x00000bd7      0x9f6 Service/FREE_RTOS/tasks.o
                                0xc6f (size before relaxing)

.debug_loc      0x00000000     0x3d20
 *(.debug_loc)
 .debug_loc     0x00000000      0x21a HAL/KPD/KPD_program.o
 .debug_loc     0x0000021a      0x559 HAL/LCD/LCD_program.o
 .debug_loc     0x00000773       0x2c HAL/SERVO/SERVO_program.o
 .debug_loc     0x0000079f      0x658 main.o
 .debug_loc     0x00000df7      0x214 MCAL/ADC/ADC_program.o
 .debug_loc     0x0000100b      0x71b MCAL/DIO/DIO_program.o
 .debug_loc     0x00001726      0x4ca MCAL/EXTI/EXTI_program.o
 .debug_loc     0x00001bf0      0x12f MCAL/TIMERS/TIMERS_program.o
 .debug_loc     0x00001d1f      0x29f Service/FREE_RTOS/port.o
 .debug_loc     0x00001fbe     0x1d62 Service/FREE_RTOS/tasks.o

.debug_macinfo
 *(.debug_macinfo)

.debug_weaknames
 *(.debug_weaknames)

.debug_funcnames
 *(.debug_funcnames)

.debug_typenames
 *(.debug_typenames)

.debug_varnames
 *(.debug_varnames)

.debug_pubtypes
 *(.debug_pubtypes)

.debug_ranges   0x00000000      0x3b8
 *(.debug_ranges)
 .debug_ranges  0x00000000       0x20 HAL/DCM/DCM_program.o
 .debug_ranges  0x00000020       0x10 HAL/KPD/KPD_program.o
 .debug_ranges  0x00000030       0x78 HAL/LCD/LCD_program.o
 .debug_ranges  0x000000a8       0x10 HAL/SERVO/SERVO_program.o
 .debug_ranges  0x000000b8       0x58 main.o
 .debug_ranges  0x00000110       0x28 MCAL/ADC/ADC_program.o
 .debug_ranges  0x00000138       0x30 MCAL/DIO/DIO_program.o
 .debug_ranges  0x00000168       0x38 MCAL/EXTI/EXTI_program.o
 .debug_ranges  0x000001a0       0x18 MCAL/GI/GI_program.o
 .debug_ranges  0x000001b8       0x38 MCAL/TIMERS/TIMERS_program.o
 .debug_ranges  0x000001f0       0x40 Service/FREE_RTOS/port.o
 .debug_ranges  0x00000230      0x188 Service/FREE_RTOS/tasks.o

.debug_macro
 *(.debug_macro)
OUTPUT(door_lock.elf elf32-avr)
LOAD linker stubs
